Component: ARM Compiler 5.05 update 1 (build 106) Tool: armlink [4d0efa]

==============================================================================

Section Cross References

    main.o(i.PID_Write) refers to stmflash.o(i.STMFLASH_Read) for STMFLASH_Read
    main.o(i.PID_Write) refers to dflt_clz.o(x$fpl$dfltu) for __aeabi_ui2d
    main.o(i.PID_Write) refers to motor_control.o(.bss) for M3508
    main.o(i.main) refers to misc.o(i.NVIC_PriorityGroupConfig) for NVIC_PriorityGroupConfig
    main.o(i.main) refers to delay.o(i.delay_init) for delay_init
    main.o(i.main) refers to usart.o(i.uart_init) for uart_init
    main.o(i.main) refers to led.o(i.LED_Init) for LED_Init
    main.o(i.main) refers to can.o(i.CAN1_Init) for CAN1_Init
    main.o(i.main) refers to motor_control.o(i.Control_Initialize) for Control_Initialize
    main.o(i.main) refers to tim.o(i.TIM3_Int_Init) for TIM3_Int_Init
    main.o(i.main) refers to delay.o(i.delay_ms) for delay_ms
    system_stm32f10x.o(i.SetSysClock) refers to system_stm32f10x.o(i.SetSysClockTo72) for SetSysClockTo72
    system_stm32f10x.o(i.SystemCoreClockUpdate) refers to system_stm32f10x.o(.data) for SystemCoreClock
    system_stm32f10x.o(i.SystemInit) refers to system_stm32f10x.o(i.SetSysClock) for SetSysClock
    delay.o(i.delay_init) refers to misc.o(i.SysTick_CLKSourceConfig) for SysTick_CLKSourceConfig
    delay.o(i.delay_init) refers to system_stm32f10x.o(.data) for SystemCoreClock
    delay.o(i.delay_init) refers to delay.o(.data) for fac_us
    delay.o(i.delay_ms) refers to delay.o(.data) for fac_ms
    delay.o(i.delay_us) refers to delay.o(.data) for fac_us
    usart.o(i.USART1_IRQHandler) refers (Special) to use_no_semi_2.o(.text) for __use_no_semihosting
    usart.o(i.USART1_IRQHandler) refers to dflt_clz.o(x$fpl$dflt) for __aeabi_i2d
    usart.o(i.USART1_IRQHandler) refers to pow.o(i.pow) for pow
    usart.o(i.USART1_IRQHandler) refers to dmul.o(x$fpl$dmul) for __aeabi_dmul
    usart.o(i.USART1_IRQHandler) refers to f2d.o(x$fpl$f2d) for __aeabi_f2d
    usart.o(i.USART1_IRQHandler) refers to daddsub_clz.o(x$fpl$dadd) for __aeabi_dadd
    usart.o(i.USART1_IRQHandler) refers to d2f.o(x$fpl$d2f) for __aeabi_d2f
    usart.o(i.USART1_IRQHandler) refers to fdiv.o(x$fpl$fdiv) for __aeabi_fdiv
    usart.o(i.USART1_IRQHandler) refers to ffixu.o(x$fpl$ffixu) for __aeabi_f2uiz
    usart.o(i.USART1_IRQHandler) refers to stmflash.o(i.STMFLASH_Write) for STMFLASH_Write
    usart.o(i.USART1_IRQHandler) refers to rt_memclr.o(.text) for __aeabi_memclr
    usart.o(i.USART1_IRQHandler) refers to usart.o(.data) for uart_receive
    usart.o(i.USART1_IRQHandler) refers to usart.o(.bss) for Receive
    usart.o(i.USART1_IRQHandler) refers to motor_control.o(.bss) for M3508
    usart.o(i._sys_exit) refers (Special) to use_no_semi_2.o(.text) for __use_no_semihosting
    usart.o(i.fputc) refers (Special) to use_no_semi_2.o(.text) for __use_no_semihosting
    usart.o(i.uart_init) refers (Special) to use_no_semi_2.o(.text) for __use_no_semihosting
    usart.o(i.uart_init) refers to stm32f10x_rcc.o(i.RCC_APB2PeriphClockCmd) for RCC_APB2PeriphClockCmd
    usart.o(i.uart_init) refers to stm32f10x_gpio.o(i.GPIO_Init) for GPIO_Init
    usart.o(i.uart_init) refers to misc.o(i.NVIC_Init) for NVIC_Init
    usart.o(i.uart_init) refers to stm32f10x_usart.o(i.USART_Init) for USART_Init
    usart.o(i.uart_init) refers to stm32f10x_usart.o(i.USART_ITConfig) for USART_ITConfig
    usart.o(i.uart_init) refers to stm32f10x_usart.o(i.USART_Cmd) for USART_Cmd
    usart.o(.bss) refers (Special) to use_no_semi_2.o(.text) for __use_no_semihosting
    usart.o(.data) refers (Special) to use_no_semi_2.o(.text) for __use_no_semihosting
    startup_stm32f10x_hd.o(STACK) refers (Special) to heapauxi.o(.text) for __use_two_region_memory
    startup_stm32f10x_hd.o(HEAP) refers (Special) to heapauxi.o(.text) for __use_two_region_memory
    startup_stm32f10x_hd.o(RESET) refers (Special) to heapauxi.o(.text) for __use_two_region_memory
    startup_stm32f10x_hd.o(RESET) refers to startup_stm32f10x_hd.o(STACK) for __initial_sp
    startup_stm32f10x_hd.o(RESET) refers to startup_stm32f10x_hd.o(.text) for Reset_Handler
    startup_stm32f10x_hd.o(RESET) refers to stm32f10x_it.o(i.NMI_Handler) for NMI_Handler
    startup_stm32f10x_hd.o(RESET) refers to stm32f10x_it.o(i.HardFault_Handler) for HardFault_Handler
    startup_stm32f10x_hd.o(RESET) refers to stm32f10x_it.o(i.MemManage_Handler) for MemManage_Handler
    startup_stm32f10x_hd.o(RESET) refers to stm32f10x_it.o(i.BusFault_Handler) for BusFault_Handler
    startup_stm32f10x_hd.o(RESET) refers to stm32f10x_it.o(i.UsageFault_Handler) for UsageFault_Handler
    startup_stm32f10x_hd.o(RESET) refers to stm32f10x_it.o(i.SVC_Handler) for SVC_Handler
    startup_stm32f10x_hd.o(RESET) refers to stm32f10x_it.o(i.DebugMon_Handler) for DebugMon_Handler
    startup_stm32f10x_hd.o(RESET) refers to stm32f10x_it.o(i.PendSV_Handler) for PendSV_Handler
[...]
    Removing motor_control.o(i.Motor_Position_Control), (128 bytes).
    Removing motor_control.o(i.Motor_Protect), (160 bytes).
    Removing stmflash.o(i.Test_Write), (16 bytes).
    Removing communication.o(i.Motor_Info_Send), (124 bytes).
    Removing communication.o(i.NiMing_Report), (140 bytes).

297 unused section(s) (total 14139 bytes) removed from the image.

==============================================================================

Image Symbol Table

    Local Symbols

    Symbol Name                              Value     Ov Type        Size  Object(Section)

    ../clib/angel/boardlib.s                 0x00000000   Number         0  boardinit2.o ABSOLUTE
    ../clib/angel/boardlib.s                 0x00000000   Number         0  boardshut.o ABSOLUTE
    ../clib/angel/boardlib.s                 0x00000000   Number         0  boardinit3.o ABSOLUTE
    ../clib/angel/boardlib.s                 0x00000000   Number         0  boardinit1.o ABSOLUTE
    ../clib/angel/handlers.s                 0x00000000   Number         0  __scatter_zi.o ABSOLUTE
    ../clib/angel/handlers.s                 0x00000000   Number         0  __scatter_copy.o ABSOLUTE
    ../clib/angel/kernel.s                   0x00000000   Number         0  __rtentry.o ABSOLUTE
    ../clib/angel/kernel.s                   0x00000000   Number         0  __rtentry4.o ABSOLUTE
    ../clib/angel/kernel.s                   0x00000000   Number         0  rtexit.o ABSOLUTE
    ../clib/angel/kernel.s                   0x00000000   Number         0  __rtentry2.o ABSOLUTE
    ../clib/angel/kernel.s                   0x00000000   Number         0  rtexit2.o ABSOLUTE
    ../clib/angel/rt.s                       0x00000000   Number         0  rt_errno_addr_intlibspace.o ABSOLUTE
    ../clib/angel/rt.s                       0x00000000   Number         0  rt_errno_addr.o ABSOLUTE
    ../clib/angel/rt.s                       0x00000000   Number         0  rt_raise.o ABSOLUTE
    ../clib/angel/scatter.s                  0x00000000   Number         0  __scatter.o ABSOLUTE
    ../clib/angel/startup.s                  0x00000000   Number         0  __main.o ABSOLUTE
    ../clib/angel/sys.s                      0x00000000   Number         0  use_no_semi_2.o ABSOLUTE
    ../clib/angel/sys.s                      0x00000000   Number         0  libspace.o ABSOLUTE
    ../clib/angel/sys.s                      0x00000000   Number         0  sys_stackheap_outer.o ABSOLUTE
    ../clib/angel/sys.s                      0x00000000   Number         0  use_no_semi.o ABSOLUTE
    ../clib/angel/sys.s                      0x00000000   Number         0  indicate_semi.o ABSOLUTE
    ../clib/angel/sysapp.c                   0x00000000   Number         0  sys_command.o ABSOLUTE
    ../clib/angel/sysapp.c                   0x00000000   Number         0  sys_wrch.o ABSOLUTE
    ../clib/armsys.c                         0x00000000   Number         0  argv_veneer.o ABSOLUTE
    ../clib/armsys.c                         0x00000000   Number         0  argv_veneer.o ABSOLUTE
    ../clib/armsys.c                         0x00000000   Number         0  no_argv.o ABSOLUTE
    ../clib/armsys.c                         0x00000000   Number         0  _get_argv_nomalloc.o ABSOLUTE
    ../clib/fenv.c                           0x00000000   Number         0  _rserrno.o ABSOLUTE
    ../clib/heapalloc.c                      0x00000000   Number         0  hrguard.o ABSOLUTE
    ../clib/heapaux.c                        0x00000000   Number         0  heapauxi.o ABSOLUTE
    ../clib/libinit.s                        0x00000000   Number         0  libinit2.o ABSOLUTE
    ../clib/libinit.s                        0x00000000   Number         0  libshutdown2.o ABSOLUTE
    ../clib/libinit.s                        0x00000000   Number         0  libshutdown.o ABSOLUTE
    ../clib/libinit.s                        0x00000000   Number         0  libinit.o ABSOLUTE
    ../clib/memcpset.s                       0x00000000   Number         0  rt_memclr.o ABSOLUTE
    ../clib/memcpset.s                       0x00000000   Number         0  rt_memclr_w.o ABSOLUTE
    ../clib/printf.c                         0x00000000   Number         0  __printf_flags_ss.o ABSOLUTE
    ../clib/printf.c                         0x00000000   Number         0  __printf_ss.o ABSOLUTE
    ../clib/printf.c                         0x00000000   Number         0  __printf_flags_ss_wp.o ABSOLUTE
    ../clib/printf.c                         0x00000000   Number         0  __printf_flags.o ABSOLUTE
    ../clib/printf.c                         0x00000000   Number         0  _printf_dec.o ABSOLUTE
    ../clib/printf.c                         0x00000000   Number         0  __printf.o ABSOLUTE
    ../clib/printf.c                         0x00000000   Number         0  noretval__2printf.o ABSOLUTE
    ../clib/printf.c                         0x00000000   Number         0  __2printf.o ABSOLUTE
    ../clib/printf.c                         0x00000000   Number         0  _printf_char_file.o ABSOLUTE
    ../clib/printf.c                         0x00000000   Number         0  _printf_intcommon.o ABSOLUTE
    ../clib/printf.c                         0x00000000   Number         0  __printf_nopercent.o ABSOLUTE
    ../clib/printf.c                         0x00000000   Number         0  __printf_flags_wp.o ABSOLUTE
    ../clib/printf.c                         0x00000000   Number         0  __printf_wp.o ABSOLUTE
    ../clib/printf.c                         0x00000000   Number         0  _printf_char_common.o ABSOLUTE
    ../clib/printf.c                         0x00000000   Number         0  __printf_ss_wp.o ABSOLUTE
    ../clib/printf_percent.s                 0x00000000   Number         0  _printf_percent.o ABSOLUTE
    ../clib/printf_percent.s                 0x00000000   Number         0  _printf_percent_end.o ABSOLUTE
    ../clib/printf_percent.s                 0x00000000   Number         0  _printf_d.o ABSOLUTE
    ../clib/signal.c                         0x00000000   Number         0  defsig_other.o ABSOLUTE
    ../clib/signal.c                         0x00000000   Number         0  defsig_rtmem_outer.o ABSOLUTE
    ../clib/signal.c                         0x00000000   Number         0  defsig_segv_inner.o ABSOLUTE
    ../clib/signal.c                         0x00000000   Number         0  defsig_rtred_inner.o ABSOLUTE
    ../clib/signal.c                         0x00000000   Number         0  defsig_stak_inner.o ABSOLUTE
    ../clib/signal.c                         0x00000000   Number         0  defsig_abrt_inner.o ABSOLUTE
    ../clib/signal.c                         0x00000000   Number         0  defsig_pvfn_inner.o ABSOLUTE
    ../clib/signal.c                         0x00000000   Number         0  defsig_fpe_inner.o ABSOLUTE
    ../clib/signal.c                         0x00000000   Number         0  defsig_general.o ABSOLUTE
    ../clib/signal.c                         0x00000000   Number         0  __raise.o ABSOLUTE
    ../clib/signal.c                         0x00000000   Number         0  defsig_cppl_inner.o ABSOLUTE
    ../clib/signal.c                         0x00000000   Number         0  defsig_exit.o ABSOLUTE
    ../clib/signal.c                         0x00000000   Number         0  defsig_rtmem_inner.o ABSOLUTE
    ../clib/signal.c                         0x00000000   Number         0  defsig_rtmem_formal.o ABSOLUTE
    ../clib/signal.s                         0x00000000   Number         0  defsig.o ABSOLUTE
    ../clib/stdio.c                          0x00000000   Number         0  ferror_locked.o ABSOLUTE
    ../clib/stdio.c                          0x00000000   Number         0  ferror.o ABSOLUTE
    ../clib/stdlib.c                         0x00000000   Number         0  exit.o ABSOLUTE
    ../fplib/d2f.s                           0x00000000   Number         0  d2f.o ABSOLUTE
    ../fplib/daddsub.s                       0x00000000   Number         0  daddsub_clz.o ABSOLUTE
    ../fplib/dcheck1.s                       0x00000000   Number         0  dcheck1.o ABSOLUTE
    ../fplib/dcmpi.s                         0x00000000   Number         0  dcmpi.o ABSOLUTE
    ../fplib/ddiv.s                          0x00000000   Number         0  ddiv.o ABSOLUTE
    ../fplib/dfix.s                          0x00000000   Number         0  dfix.o ABSOLUTE
    ../fplib/dflt.s                          0x00000000   Number         0  dflt_clz.o ABSOLUTE
    ../fplib/dleqf.s                         0x00000000   Number         0  dleqf.o ABSOLUTE
    ../fplib/dmul.s                          0x00000000   Number         0  dmul.o ABSOLUTE
    ../fplib/dnaninf.s                       0x00000000   Number         0  dnaninf.o ABSOLUTE
    ../fplib/dretinf.s                       0x00000000   Number         0  dretinf.o ABSOLUTE
    ../fplib/drleqf.s                        0x00000000   Number         0  drleqf.o ABSOLUTE
    ../fplib/dsqrt.s                         0x00000000   Number         0  dsqrt_noumaal.o ABSOLUTE
    ../fplib/f2d.s                           0x00000000   Number         0  f2d.o ABSOLUTE
    ../fplib/faddsub.s                       0x00000000   Number         0  faddsub_clz.o ABSOLUTE
    ../fplib/fcmpi.s                         0x00000000   Number         0  fcmpi.o ABSOLUTE
    ../fplib/fdiv.s                          0x00000000   Number         0  fdiv.o ABSOLUTE
    ../fplib/ffix.s                          0x00000000   Number         0  ffix.o ABSOLUTE
    ../fplib/ffixu.s                         0x00000000   Number         0  ffixu.o ABSOLUTE
    ../fplib/fflt.s                          0x00000000   Number         0  fflt_clz.o ABSOLUTE
    ../fplib/fleqf.s                         0x00000000   Number         0  fleqf.o ABSOLUTE
    ../fplib/fmul.s                          0x00000000   Number         0  fmul.o ABSOLUTE
    ../fplib/fnaninf.s                       0x00000000   Number         0  fnaninf.o ABSOLUTE
    ../fplib/fpinit.s                        0x00000000   Number         0  fpinit.o ABSOLUTE
    ../fplib/fretinf.s                       0x00000000   Number         0  fretinf.o ABSOLUTE
    ../fplib/frleqf.s                        0x00000000   Number         0  frleqf.o ABSOLUTE
    ../fplib/retnan.s                        0x00000000   Number         0  retnan.o ABSOLUTE
    ../fplib/scalbn.s                        0x00000000   Number         0  scalbn.o ABSOLUTE
    ../fplib/trapv.s                         0x00000000   Number         0  trapv.o ABSOLUTE
    ../fplib/usenofp.s                       0x00000000   Number         0  usenofp.o ABSOLUTE
    ../mathlib/dunder.c                      0x00000000   Number         0  dunder.o ABSOLUTE
    ../mathlib/fpclassify.c                  0x00000000   Number         0  fpclassify.o ABSOLUTE
    ../mathlib/poly.c                        0x00000000   Number         0  poly.o ABSOLUTE
    ../mathlib/pow.c                         0x00000000   Number         0  pow.o ABSOLUTE
    ../mathlib/pow.c                         0x00000000   Number         0  pow_x.o ABSOLUTE
    ../mathlib/qnan.c                        0x00000000   Number         0  qnan.o ABSOLUTE
    ../mathlib/sqrt.c                        0x00000000   Number         0  sqrt_x.o ABSOLUTE
    ../mathlib/sqrt.c                        0x00000000   Number         0  sqrt.o ABSOLUTE
    ..\CORE\core_cm3.c                       0x00000000   Number         0  core_cm3.o ABSOLUTE
    ..\CORE\startup_stm32f10x_hd.s           0x00000000   Number         0  startup_stm32f10x_hd.o ABSOLUTE
    ..\HARDWARE\ADC\adc.c                    0x00000000   Number         0  adc.o ABSOLUTE
    ..\HARDWARE\CAN\can.c                    0x00000000   Number         0  can.o ABSOLUTE
    ..\HARDWARE\Communication\Communication.c 0x00000000   Number         0  communication.o ABSOLUTE
    ..\HARDWARE\LED\led.c                    0x00000000   Number         0  led.o ABSOLUTE
    ..\HARDWARE\Motor_Control\Motor_Control.c 0x00000000   Number         0  motor_control.o ABSOLUTE
    ..\HARDWARE\POT\pot.c                    0x00000000   Number         0  pot.o ABSOLUTE
    ..\HARDWARE\STMFLASH\stmflash.c          0x00000000   Number         0  stmflash.o ABSOLUTE
    ..\HARDWARE\TIM\tim.c                    0x00000000   Number         0  tim.o ABSOLUTE
    ..\STM32F10x_FWLib\src\misc.c            0x00000000   Number         0  misc.o ABSOLUTE
    ..\STM32F10x_FWLib\src\stm32f10x_adc.c   0x00000000   Number         0  stm32f10x_adc.o ABSOLUTE
    ..\STM32F10x_FWLib\src\stm32f10x_can.c   0x00000000   Number         0  stm32f10x_can.o ABSOLUTE
    ..\STM32F10x_FWLib\src\stm32f10x_dma.c   0x00000000   Number         0  stm32f10x_dma.o ABSOLUTE
    ..\STM32F10x_FWLib\src\stm32f10x_exti.c  0x00000000   Number         0  stm32f10x_exti.o ABSOLUTE
    ..\STM32F10x_FWLib\src\stm32f10x_flash.c 0x00000000   Number         0  stm32f10x_flash.o ABSOLUTE
    ..\STM32F10x_FWLib\src\stm32f10x_fsmc.c  0x00000000   Number         0  stm32f10x_fsmc.o ABSOLUTE
    ..\STM32F10x_FWLib\src\stm32f10x_gpio.c  0x00000000   Number         0  stm32f10x_gpio.o ABSOLUTE
    ..\STM32F10x_FWLib\src\stm32f10x_rcc.c   0x00000000   Number         0  stm32f10x_rcc.o ABSOLUTE
    ..\STM32F10x_FWLib\src\stm32f10x_tim.c   0x00000000   Number         0  stm32f10x_tim.o ABSOLUTE
    ..\STM32F10x_FWLib\src\stm32f10x_usart.c 0x00000000   Number         0  stm32f10x_usart.o ABSOLUTE
    ..\SYSTEM\delay\delay.c                  0x00000000   Number         0  delay.o ABSOLUTE
    ..\SYSTEM\sys\sys.c                      0x00000000   Number         0  sys.o ABSOLUTE
    ..\SYSTEM\usart\usart.c                  0x00000000   Number         0  usart.o ABSOLUTE
    ..\\CORE\\core_cm3.c                     0x00000000   Number         0  core_cm3.o ABSOLUTE
    ..\\SYSTEM\\sys\\sys.c                   0x00000000   Number         0  sys.o ABSOLUTE
    dc.s                                     0x00000000   Number         0  dc.o ABSOLUTE
    main.c                                   0x00000000   Number         0  main.o ABSOLUTE
    stm32f10x_it.c                           0x00000000   Number         0  stm32f10x_it.o ABSOLUTE
    system_stm32f10x.c                       0x00000000   Number         0  system_stm32f10x.o ABSOLUTE
    RESET                                    0x08000000   Section      304  startup_stm32f10x_hd.o(RESET)
    !!!main                                  0x08000130   Section        8  __main.o(!!!main)
    !!!scatter                               0x08000138   Section       52  __scatter.o(!!!scatter)
    !!handler_copy                           0x0800016c   Section       26  __scatter_copy.o(!!handler_copy)
    !!handler_zi                             0x08000188   Section       28  __scatter_zi.o(!!handler_zi)
    .ARM.Collect$$_printf_percent$$00000000  0x080001a4   Section        0  _printf_percent.o(.ARM.Collect$$_printf_percent$$00000000)
    .ARM.Collect$$_printf_percent$$00000009  0x080001a4   Section        6  _printf_d.o(.ARM.Collect$$_printf_percent$$00000009)
    .ARM.Collect$$_printf_percent$$00000017  0x080001aa   Section        4  _printf_percent_end.o(.ARM.Collect$$_printf_percent$$00000017)
    .ARM.Collect$$libinit$$00000000          0x080001ae   Section        2  libinit.o(.ARM.Collect$$libinit$$00000000)
    .ARM.Collect$$libinit$$00000002          0x080001b0   Section        0  libinit2.o(.ARM.Collect$$libinit$$00000002)
    .ARM.Collect$$libinit$$00000004          0x080001b0   Section        0  libinit2.o(.ARM.Collect$$libinit$$00000004)
    .ARM.Collect$$libinit$$0000000A          0x080001b0   Section        0  libinit2.o(.ARM.Collect$$libinit$$0000000A)
    .ARM.Collect$$libinit$$0000000C          0x080001b0   Section        0  libinit2.o(.ARM.Collect$$libinit$$0000000C)
    .ARM.Collect$$libinit$$0000000E          0x080001b0   Section        0  libinit2.o(.ARM.Collect$$libinit$$0000000E)
    .ARM.Collect$$libinit$$00000011          0x080001b0   Section        0  libinit2.o(.ARM.Collect$$libinit$$00000011)
    .ARM.Collect$$libinit$$00000013          0x080001b0   Section        0  libinit2.o(.ARM.Collect$$libinit$$00000013)
    .ARM.Collect$$libinit$$00000015          0x080001b0   Section        0  libinit2.o(.ARM.Collect$$libinit$$00000015)
    .ARM.Collect$$libinit$$00000017          0x080001b0   Section        0  libinit2.o(.ARM.Collect$$libinit$$00000017)
    .ARM.Collect$$libinit$$00000019          0x080001b0   Section        0  libinit2.o(.ARM.Collect$$libinit$$00000019)
    .ARM.Collect$$libinit$$0000001B          0x080001b0   Section        0  libinit2.o(.ARM.Collect$$libinit$$0000001B)
    .ARM.Collect$$libinit$$0000001D          0x080001b0   Section        0  libinit2.o(.ARM.Collect$$libinit$$0000001D)
    .ARM.Collect$$libinit$$0000001F          0x080001b0   Section        0  libinit2.o(.ARM.Collect$$libinit$$0000001F)
    .ARM.Collect$$libinit$$00000021          0x080001b0   Section        0  libinit2.o(.ARM.Collect$$libinit$$00000021)
    .ARM.Collect$$libinit$$00000023          0x080001b0   Section        0  libinit2.o(.ARM.Collect$$libinit$$00000023)
    .ARM.Collect$$libinit$$00000025          0x080001b0   Section        0  libinit2.o(.ARM.Collect$$libinit$$00000025)
    .ARM.Collect$$libinit$$0000002C          0x080001b0   Section        0  libinit2.o(.ARM.Collect$$libinit$$0000002C)
    .ARM.Collect$$libinit$$0000002E          0x080001b0   Section        0  libinit2.o(.ARM.Collect$$libinit$$0000002E)
    .ARM.Collect$$libinit$$00000030          0x080001b0   Section        0  libinit2.o(.ARM.Collect$$libinit$$00000030)
    .ARM.Collect$$libinit$$00000032          0x080001b0   Section        0  libinit2.o(.ARM.Collect$$libinit$$00000032)
    .ARM.Collect$$libinit$$00000033          0x080001b0   Section        2  libinit2.o(.ARM.Collect$$libinit$$00000033)
    .ARM.Collect$$libshutdown$$00000000      0x080001b2   Section        2  libshutdown.o(.ARM.Collect$$libshutdown$$00000000)
    .ARM.Collect$$libshutdown$$00000003      0x080001b4   Section        0  libshutdown2.o(.ARM.Collect$$libshutdown$$00000003)
    .ARM.Collect$$libshutdown$$00000006      0x080001b4   Section        0  libshutdown2.o(.ARM.Collect$$libshutdown$$00000006)
    .ARM.Collect$$libshutdown$$00000009      0x080001b4   Section        0  libshutdown2.o(.ARM.Collect$$libshutdown$$00000009)
    .ARM.Collect$$libshutdown$$0000000B      0x080001b4   Section        0  libshutdown2.o(.ARM.Collect$$libshutdown$$0000000B)
    .ARM.Collect$$libshutdown$$0000000E      0x080001b4   Section        0  libshutdown2.o(.ARM.Collect$$libshutdown$$0000000E)
    .ARM.Collect$$libshutdown$$0000000F      0x080001b4   Section        2  libshutdown2.o(.ARM.Collect$$libshutdown$$0000000F)
    .ARM.Collect$$rtentry$$00000000          0x080001b6   Section        0  __rtentry.o(.ARM.Collect$$rtentry$$00000000)
    .ARM.Collect$$rtentry$$00000002          0x080001b6   Section        0  __rtentry2.o(.ARM.Collect$$rtentry$$00000002)
    .ARM.Collect$$rtentry$$00000004          0x080001b6   Section        6  __rtentry4.o(.ARM.Collect$$rtentry$$00000004)
    .ARM.Collect$$rtentry$$00000009          0x080001bc   Section        0  __rtentry2.o(.ARM.Collect$$rtentry$$00000009)
    .ARM.Collect$$rtentry$$0000000A          0x080001bc   Section        4  __rtentry2.o(.ARM.Collect$$rtentry$$0000000A)
    .ARM.Collect$$rtentry$$0000000C          0x080001c0   Section        0  __rtentry2.o(.ARM.Collect$$rtentry$$0000000C)
    .ARM.Collect$$rtentry$$0000000D          0x080001c0   Section        8  __rtentry2.o(.ARM.Collect$$rtentry$$0000000D)
    .ARM.Collect$$rtexit$$00000000           0x080001c8   Section        2  rtexit.o(.ARM.Collect$$rtexit$$00000000)
    .ARM.Collect$$rtexit$$00000002           0x080001ca   Section        0  rtexit2.o(.ARM.Collect$$rtexit$$00000002)
    .ARM.Collect$$rtexit$$00000003           0x080001ca   Section        4  rtexit2.o(.ARM.Collect$$rtexit$$00000003)
    .ARM.Collect$$rtexit$$00000004           0x080001ce   Section        6  rtexit2.o(.ARM.Collect$$rtexit$$00000004)
    .text                                    0x080001d4   Section       64  startup_stm32f10x_hd.o(.text)
    .text                                    0x08000214   Section        2  use_no_semi_2.o(.text)
    .text                                    0x08000218   Section        0  noretval__2printf.o(.text)
    .text                                    0x08000230   Section        0  __printf.o(.text)
    .text                                    0x08000298   Section        0  _printf_dec.o(.text)
    .text                                    0x08000310   Section       68  rt_memclr.o(.text)
    .text                                    0x08000354   Section        0  heapauxi.o(.text)
    .text                                    0x0800035a   Section        2  use_no_semi.o(.text)
    .text                                    0x0800035c   Section        0  _rserrno.o(.text)
    .text                                    0x08000372   Section        0  _printf_intcommon.o(.text)
    .text                                    0x08000424   Section        0  _printf_char_file.o(.text)
    .text                                    0x08000448   Section       78  rt_memclr_w.o(.text)
    .text                                    0x08000498   Section        8  rt_errno_addr_intlibspace.o(.text)
    .text                                    0x080004a0   Section        0  _printf_char_common.o(.text)
    _printf_input_char                       0x080004a1   Thumb Code    10  _printf_char_common.o(.text)
    .text                                    0x080004d0   Section        0  ferror.o(.text)
    .text                                    0x080004d8   Section        8  libspace.o(.text)
    .text                                    0x080004e0   Section       74  sys_stackheap_outer.o(.text)
    .text                                    0x0800052a   Section        0  exit.o(.text)
    i.BusFault_Handler                       0x08000536   Section        0  stm32f10x_it.o(i.BusFault_Handler)
    i.CAN1_Init                              0x0800053c   Section        0  can.o(i.CAN1_Init)
    i.CAN1_SendMsg                           0x0800072c   Section        0  can.o(i.CAN1_SendMsg)
    i.CAN_FilterInit                         0x080007a0   Section        0  stm32f10x_can.o(i.CAN_FilterInit)
    i.CAN_ITConfig                           0x080008a8   Section        0  stm32f10x_can.o(i.CAN_ITConfig)
    i.CAN_Init                               0x080008ba   Section        0  stm32f10x_can.o(i.CAN_Init)
    i.CAN_Receive                            0x080009ce   Section        0  stm32f10x_can.o(i.CAN_Receive)
    i.CAN_Send_Control_Value                 0x08000ac0   Section        0  motor_control.o(i.CAN_Send_Control_Value)
    i.CAN_Transmit                           0x08000b84   Section        0  stm32f10x_can.o(i.CAN_Transmit)
    i.CAN_TransmitStatus                     0x08000cac   Section        0  stm32f10x_can.o(i.CAN_TransmitStatus)
    i.Control_Initialize                     0x08000d4c   Section        0  motor_control.o(i.Control_Initialize)
    i.Data_Convert                           0x08000f90   Section        0  motor_control.o(i.Data_Convert)
    i.DebugMon_Handler                       0x0800102c   Section        0  stm32f10x_it.o(i.DebugMon_Handler)
    i.FLASH_ErasePage                        0x08001030   Section        0  stm32f10x_flash.o(i.FLASH_ErasePage)
    i.FLASH_GetBank1Status                   0x0800107c   Section        0  stm32f10x_flash.o(i.FLASH_GetBank1Status)
    i.FLASH_Lock                             0x080010b0   Section        0  stm32f10x_flash.o(i.FLASH_Lock)
    i.FLASH_ProgramHalfWord                  0x080010c4   Section        0  stm32f10x_flash.o(i.FLASH_ProgramHalfWord)
    i.FLASH_Unlock                           0x08001104   Section        0  stm32f10x_flash.o(i.FLASH_Unlock)
    i.FLASH_WaitForLastOperation             0x0800111c   Section        0  stm32f10x_flash.o(i.FLASH_WaitForLastOperation)
    i.GPIO_Init                              0x08001142   Section        0  stm32f10x_gpio.o(i.GPIO_Init)
    i.GPIO_PinRemapConfig                    0x08001258   Section        0  stm32f10x_gpio.o(i.GPIO_PinRemapConfig)
    i.GPIO_ResetBits                         0x080012e8   Section        0  stm32f10x_gpio.o(i.GPIO_ResetBits)
    i.HardFault_Handler                      0x080012ec   Section        0  stm32f10x_it.o(i.HardFault_Handler)
    i.LED_Init                               0x080012f0   Section        0  led.o(i.LED_Init)
    i.MemManage_Handler                      0x08001328   Section        0  stm32f10x_it.o(i.MemManage_Handler)
    i.Motor_Speed_Control                    0x0800132c   Section        0  motor_control.o(i.Motor_Speed_Control)
    i.NMI_Handler                            0x08001580   Section        0  stm32f10x_it.o(i.NMI_Handler)
    i.NVIC_Init                              0x08001584   Section        0  misc.o(i.NVIC_Init)
    i.NVIC_PriorityGroupConfig               0x080015f4   Section        0  misc.o(i.NVIC_PriorityGroupConfig)
    i.PendSV_Handler                         0x08001608   Section        0  stm32f10x_it.o(i.PendSV_Handler)
    i.RCC_APB1PeriphClockCmd                 0x0800160c   Section        0  stm32f10x_rcc.o(i.RCC_APB1PeriphClockCmd)
    i.RCC_APB2PeriphClockCmd                 0x0800162c   Section        0  stm32f10x_rcc.o(i.RCC_APB2PeriphClockCmd)
    i.RCC_GetClocksFreq                      0x0800164c   Section        0  stm32f10x_rcc.o(i.RCC_GetClocksFreq)
    i.STMFLASH_Read                          0x08001720   Section        0  stmflash.o(i.STMFLASH_Read)
    i.STMFLASH_ReadHalfWord                  0x08001742   Section        0  stmflash.o(i.STMFLASH_ReadHalfWord)
    i.STMFLASH_Write                         0x08001748   Section        0  stmflash.o(i.STMFLASH_Write)
    i.STMFLASH_Write_NoCheck                 0x08001830   Section        0  stmflash.o(i.STMFLASH_Write_NoCheck)
    i.SVC_Handler                            0x08001856   Section        0  stm32f10x_it.o(i.SVC_Handler)
    i.SetSysClock                            0x08001858   Section        0  system_stm32f10x.o(i.SetSysClock)
    SetSysClock                              0x08001859   Thumb Code     8  system_stm32f10x.o(i.SetSysClock)
    i.SetSysClockTo72                        0x08001860   Section        0  system_stm32f10x.o(i.SetSysClockTo72)
    SetSysClockTo72                          0x08001861   Thumb Code   214  system_stm32f10x.o(i.SetSysClockTo72)
    i.SysTick_CLKSourceConfig                0x08001940   Section        0  misc.o(i.SysTick_CLKSourceConfig)
    i.SysTick_Handler                        0x08001968   Section        0  stm32f10x_it.o(i.SysTick_Handler)
    i.SystemInit                             0x0800196c   Section        0  system_stm32f10x.o(i.SystemInit)
    i.TIM3_IRQHandler                        0x080019cc   Section        0  tim.o(i.TIM3_IRQHandler)
    i.TIM3_Int_Init                          0x08001a5c   Section        0  tim.o(i.TIM3_Int_Init)
    i.TIM_ClearITPendingBit                  0x08001abc   Section        0  stm32f10x_tim.o(i.TIM_ClearITPendingBit)
    i.TIM_Cmd                                0x08001ac2   Section        0  stm32f10x_tim.o(i.TIM_Cmd)
    i.TIM_GetITStatus                        0x08001ada   Section        0  stm32f10x_tim.o(i.TIM_GetITStatus)
    i.TIM_ITConfig                           0x08001afc   Section        0  stm32f10x_tim.o(i.TIM_ITConfig)
    i.TIM_TimeBaseInit                       0x08001b10   Section        0  stm32f10x_tim.o(i.TIM_TimeBaseInit)
    i.USART1_IRQHandler                      0x08001bb4   Section        0  usart.o(i.USART1_IRQHandler)
    i.USART_Cmd                              0x08001da0   Section        0  stm32f10x_usart.o(i.USART_Cmd)
    i.USART_ITConfig                         0x08001db8   Section        0  stm32f10x_usart.o(i.USART_ITConfig)
    i.USART_Init                             0x08001e04   Section        0  stm32f10x_usart.o(i.USART_Init)
    i.USB_LP_CAN1_RX0_IRQHandler             0x08001edc   Section        0  can.o(i.USB_LP_CAN1_RX0_IRQHandler)
    i.UsageFault_Handler                     0x080020f0   Section        0  stm32f10x_it.o(i.UsageFault_Handler)
    i.__ARM_fpclassify                       0x080020f4   Section        0  fpclassify.o(i.__ARM_fpclassify)
    i.__kernel_poly                          0x0800211c   Section        0  poly.o(i.__kernel_poly)
    i.__mathlib_dbl_divzero                  0x080021c8   Section        0  dunder.o(i.__mathlib_dbl_divzero)
    i.__mathlib_dbl_infnan2                  0x080021d8   Section        0  dunder.o(i.__mathlib_dbl_infnan2)
    i.__mathlib_dbl_invalid                  0x080021dc   Section        0  dunder.o(i.__mathlib_dbl_invalid)
    i.__mathlib_dbl_overflow                 0x080021e8   Section        0  dunder.o(i.__mathlib_dbl_overflow)
    i.__mathlib_dbl_underflow                0x080021f8   Section        0  dunder.o(i.__mathlib_dbl_underflow)
    i._sys_exit                              0x08002208   Section        0  usart.o(i._sys_exit)
    i.delay_init                             0x08002210   Section        0  delay.o(i.delay_init)
    i.delay_ms                               0x08002254   Section        0  delay.o(i.delay_ms)
    i.fputc                                  0x080022a0   Section        0  usart.o(i.fputc)
    i.main                                   0x080022bc   Section        0  main.o(i.main)
    i.pow                                    0x08002310   Section        0  pow.o(i.pow)
    i.sqrt                                   0x08002cc8   Section        0  sqrt.o(i.sqrt)
    i.uart_init                              0x08002d14   Section        0  usart.o(i.uart_init)
    x$fpl$d2f                                0x08002db4   Section       98  d2f.o(x$fpl$d2f)
    x$fpl$dadd                               0x08002e18   Section      336  daddsub_clz.o(x$fpl$dadd)
    _dadd1                                   0x08002e29   Thumb Code     0  daddsub_clz.o(x$fpl$dadd)
    x$fpl$dcheck1                            0x08002f68   Section       16  dcheck1.o(x$fpl$dcheck1)
    x$fpl$dcmpinf                            0x08002f78   Section       24  dcmpi.o(x$fpl$dcmpinf)
    x$fpl$ddiv                               0x08002f90   Section      688  ddiv.o(x$fpl$ddiv)
    ddiv_entry                               0x08002f97   Thumb Code     0  ddiv.o(x$fpl$ddiv)
    x$fpl$dfix                               0x08003240   Section       94  dfix.o(x$fpl$dfix)
    x$fpl$dflt                               0x0800329e   Section       46  dflt_clz.o(x$fpl$dflt)
    x$fpl$dleqf                              0x080032cc   Section      120  dleqf.o(x$fpl$dleqf)
    x$fpl$dmul                               0x08003344   Section      340  dmul.o(x$fpl$dmul)
    x$fpl$dnaninf                            0x08003498   Section      156  dnaninf.o(x$fpl$dnaninf)
    x$fpl$dretinf                            0x08003534   Section       12  dretinf.o(x$fpl$dretinf)
    x$fpl$drleqf                             0x08003540   Section      108  drleqf.o(x$fpl$drleqf)
    x$fpl$drsb                               0x080035ac   Section       22  daddsub_clz.o(x$fpl$drsb)
    x$fpl$dsqrt                              0x080035c4   Section      460  dsqrt_noumaal.o(x$fpl$dsqrt)
    x$fpl$dsub                               0x08003790   Section      468  daddsub_clz.o(x$fpl$dsub)
    _dsub1                                   0x080037a1   Thumb Code     0  daddsub_clz.o(x$fpl$dsub)
    x$fpl$f2d                                0x08003964   Section       86  f2d.o(x$fpl$f2d)
    x$fpl$fdiv                               0x080039bc   Section      388  fdiv.o(x$fpl$fdiv)
    _fdiv1                                   0x080039bd   Thumb Code     0  fdiv.o(x$fpl$fdiv)
    x$fpl$ffix                               0x08003b40   Section       54  ffix.o(x$fpl$ffix)
    x$fpl$ffixu                              0x08003b78   Section       62  ffixu.o(x$fpl$ffixu)
    x$fpl$fmul                               0x08003bb8   Section      258  fmul.o(x$fpl$fmul)
    x$fpl$fnaninf                            0x08003cba   Section      140  fnaninf.o(x$fpl$fnaninf)
    x$fpl$fretinf                            0x08003d46   Section       10  fretinf.o(x$fpl$fretinf)
    x$fpl$retnan                             0x08003d50   Section      100  retnan.o(x$fpl$retnan)
    x$fpl$scalbn                             0x08003db4   Section       92  scalbn.o(x$fpl$scalbn)
    x$fpl$trapveneer                         0x08003e10   Section       48  trapv.o(x$fpl$trapveneer)
    .constdata                               0x08003e40   Section      136  pow.o(.constdata)
    x$fpl$usenofp                            0x08003e40   Section        0  usenofp.o(x$fpl$usenofp)
    bp                                       0x08003e40   Data          16  pow.o(.constdata)
    dp_h                                     0x08003e50   Data          16  pow.o(.constdata)
    dp_l                                     0x08003e60   Data          16  pow.o(.constdata)
    L                                        0x08003e70   Data          48  pow.o(.constdata)
    P                                        0x08003ea0   Data          40  pow.o(.constdata)
    .constdata                               0x08003ec8   Section        8  qnan.o(.constdata)
    .data                                    0x20000000   Section       20  system_stm32f10x.o(.data)
    .data                                    0x20000014   Section        4  delay.o(.data)
    fac_us                                   0x20000014   Data           1  delay.o(.data)
    fac_ms                                   0x20000016   Data           2  delay.o(.data)
    .data                                    0x20000018   Section       20  usart.o(.data)
    Flag_PID                                 0x20000022   Data           1  usart.o(.data)
    i                                        0x20000023   Data           1  usart.o(.data)
    j                                        0x20000024   Data           1  usart.o(.data)
    uart_receive                             0x20000025   Data           1  usart.o(.data)
    Data                                     0x20000028   Data           4  usart.o(.data)
    .data                                    0x2000002c   Section       20  stm32f10x_rcc.o(.data)
    APBAHBPrescTable                         0x2000002c   Data          16  stm32f10x_rcc.o(.data)
    ADCPrescTable                            0x2000003c   Data           4  stm32f10x_rcc.o(.data)
    .data                                    0x20000040   Section        4  can.o(.data)
    Goal_Speed                               0x20000040   Data           4  can.o(.data)
    .data                                    0x20000044   Section       18  motor_control.o(.data)
    Motor14_Current                          0x20000044   Data           8  motor_control.o(.data)
    Motor58_Current                          0x2000004c   Data           8  motor_control.o(.data)
    First_Flag                               0x20000054   Data           1  motor_control.o(.data)
    Stop_Count                               0x20000055   Data           1  motor_control.o(.data)
    .bss                                     0x20000058   Section       50  usart.o(.bss)
    Receive                                  0x20000058   Data          50  usart.o(.bss)
    .bss                                     0x20000090   Section      528  motor_control.o(.bss)
    .bss                                     0x200002a0   Section     2048  stmflash.o(.bss)
    .bss                                     0x20000aa0   Section       96  libspace.o(.bss)
    HEAP                                     0x20000b00   Section      512  startup_stm32f10x_hd.o(HEAP)
    Heap_Mem                                 0x20000b00   Data         512  startup_stm32f10x_hd.o(HEAP)
    STACK                                    0x20000d00   Section     1024  startup_stm32f10x_hd.o(STACK)
    Stack_Mem                                0x20000d00   Data        1024  startup_stm32f10x_hd.o(STACK)
    __initial_sp                             0x20001100   Data           0  startup_stm32f10x_hd.o(STACK)

    Global Symbols

    Symbol Name                              Value     Ov Type        Size  Object(Section)

    BuildAttributes$$THM_ISAv4$P$D$K$B$S$PE$A:L22UL41UL21$X:L11$S22US41US21$IEEE1$IW$USESV6$~STKCKD$USESV7$~SHL$OTIME$ROPI$IEEEX$EBA8$UX$STANDARDLIB$REQ8$PRES8$EABIv2 0x00000000   Number         0  anon$$obj.o ABSOLUTE
    __ARM_use_no_argv                        0x00000000   Number         0  main.o ABSOLUTE
    __ARM_exceptions_init                     - Undefined Weak Reference
    __alloca_initialize                       - Undefined Weak Reference
    __arm_preinit_                            - Undefined Weak Reference
    __cpp_initialize__aeabi_                  - Undefined Weak Reference
    __cxa_finalize                            - Undefined Weak Reference
    __rt_locale                               - Undefined Weak Reference
    __sigvec_lookup                           - Undefined Weak Reference
    _atexit_init                              - Undefined Weak Reference
    _call_atexit_fns                          - Undefined Weak Reference
    _clock_init                               - Undefined Weak Reference
    _fp_trap_init                             - Undefined Weak Reference
    _fp_trap_shutdown                         - Undefined Weak Reference
    _get_lc_collate                           - Undefined Weak Reference
    _get_lc_ctype                             - Undefined Weak Reference
    _get_lc_monetary                          - Undefined Weak Reference
    _get_lc_numeric                           - Undefined Weak Reference
    _get_lc_time                              - Undefined Weak Reference
    _getenv_init                              - Undefined Weak Reference
    _handle_redirection                       - Undefined Weak Reference
    _init_alloc                               - Undefined Weak Reference
    _init_user_alloc                          - Undefined Weak Reference
    _initio                                   - Undefined Weak Reference
    _mutex_acquire                            - Undefined Weak Reference
    _mutex_release                            - Undefined Weak Reference
    _printf_post_padding                      - Undefined Weak Reference
    _printf_pre_padding                       - Undefined Weak Reference
    _printf_truncate_signed                   - Undefined Weak Reference
    _printf_truncate_unsigned                 - Undefined Weak Reference
    _rand_init                                - Undefined Weak Reference
    _signal_finish                            - Undefined Weak Reference
    _signal_init                              - Undefined Weak Reference
    _terminate_alloc                          - Undefined Weak Reference
    _terminate_user_alloc                     - Undefined Weak Reference
    _terminateio                              - Undefined Weak Reference
    __Vectors_Size                           0x00000130   Number         0  startup_stm32f10x_hd.o ABSOLUTE
    __Vectors                                0x08000000   Data           4  startup_stm32f10x_hd.o(RESET)
    __Vectors_End                            0x08000130   Data           0  startup_stm32f10x_hd.o(RESET)
    __main                                   0x08000131   Thumb Code     8  __main.o(!!!main)
    __scatterload                            0x08000139   Thumb Code     0  __scatter.o(!!!scatter)
    __scatterload_rt2                        0x08000139   Thumb Code    44  __scatter.o(!!!scatter)
    __scatterload_rt2_thumb_only             0x08000139   Thumb Code     0  __scatter.o(!!!scatter)
    __scatterload_null                       0x08000147   Thumb Code     0  __scatter.o(!!!scatter)
    __scatterload_copy                       0x0800016d   Thumb Code    26  __scatter_copy.o(!!handler_copy)
    __scatterload_zeroinit                   0x08000189   Thumb Code    28  __scatter_zi.o(!!handler_zi)
    _printf_d                                0x080001a5   Thumb Code     0  _printf_d.o(.ARM.Collect$$_printf_percent$$00000009)
    _printf_percent                          0x080001a5   Thumb Code     0  _printf_percent.o(.ARM.Collect$$_printf_percent$$00000000)
    _printf_percent_end                      0x080001ab   Thumb Code     0  _printf_percent_end.o(.ARM.Collect$$_printf_percent$$00000017)
    __rt_lib_init                            0x080001af   Thumb Code     0  libinit.o(.ARM.Collect$$libinit$$00000000)
    __rt_lib_init_alloca_1                   0x080001b1   Thumb Code     0  libinit2.o(.ARM.Collect$$libinit$$0000002E)
    __rt_lib_init_argv_1                     0x080001b1   Thumb Code     0  libinit2.o(.ARM.Collect$$libinit$$0000002C)
    __rt_lib_init_atexit_1                   0x080001b1   Thumb Code     0  libinit2.o(.ARM.Collect$$libinit$$0000001B)
    __rt_lib_init_clock_1                    0x080001b1   Thumb Code     0  libinit2.o(.ARM.Collect$$libinit$$00000021)
    __rt_lib_init_cpp_1                      0x080001b1   Thumb Code     0  libinit2.o(.ARM.Collect$$libinit$$00000032)
    __rt_lib_init_exceptions_1               0x080001b1   Thumb Code     0  libinit2.o(.ARM.Collect$$libinit$$00000030)
    __rt_lib_init_fp_1                       0x080001b1   Thumb Code     0  libinit2.o(.ARM.Collect$$libinit$$00000002)
    __rt_lib_init_fp_trap_1                  0x080001b1   Thumb Code     0  libinit2.o(.ARM.Collect$$libinit$$0000001F)
    __rt_lib_init_getenv_1                   0x080001b1   Thumb Code     0  libinit2.o(.ARM.Collect$$libinit$$00000023)
    __rt_lib_init_heap_1                     0x080001b1   Thumb Code     0  libinit2.o(.ARM.Collect$$libinit$$0000000A)
    __rt_lib_init_lc_collate_1               0x080001b1   Thumb Code     0  libinit2.o(.ARM.Collect$$libinit$$00000011)
    __rt_lib_init_lc_ctype_1                 0x080001b1   Thumb Code     0  libinit2.o(.ARM.Collect$$libinit$$00000013)
    __rt_lib_init_lc_monetary_1              0x080001b1   Thumb Code     0  libinit2.o(.ARM.Collect$$libinit$$00000015)
    __rt_lib_init_lc_numeric_1               0x080001b1   Thumb Code     0  libinit2.o(.ARM.Collect$$libinit$$00000017)
    __rt_lib_init_lc_time_1                  0x080001b1   Thumb Code     0  libinit2.o(.ARM.Collect$$libinit$$00000019)
    __rt_lib_init_preinit_1                  0x080001b1   Thumb Code     0  libinit2.o(.ARM.Collect$$libinit$$00000004)
    __rt_lib_init_rand_1                     0x080001b1   Thumb Code     0  libinit2.o(.ARM.Collect$$libinit$$0000000E)
    __rt_lib_init_return                     0x080001b1   Thumb Code     0  libinit2.o(.ARM.Collect$$libinit$$00000033)
    __rt_lib_init_signal_1                   0x080001b1   Thumb Code     0  libinit2.o(.ARM.Collect$$libinit$$0000001D)
    __rt_lib_init_stdio_1                    0x080001b1   Thumb Code     0  libinit2.o(.ARM.Collect$$libinit$$00000025)
    __rt_lib_init_user_alloc_1               0x080001b1   Thumb Code     0  libinit2.o(.ARM.Collect$$libinit$$0000000C)
    __rt_lib_shutdown                        0x080001b3   Thumb Code     0  libshutdown.o(.ARM.Collect$$libshutdown$$00000000)
    __rt_lib_shutdown_fp_trap_1              0x080001b5   Thumb Code     0  libshutdown2.o(.ARM.Collect$$libshutdown$$00000006)
    __rt_lib_shutdown_heap_1                 0x080001b5   Thumb Code     0  libshutdown2.o(.ARM.Collect$$libshutdown$$0000000E)
    __rt_lib_shutdown_return                 0x080001b5   Thumb Code     0  libshutdown2.o(.ARM.Collect$$libshutdown$$0000000F)
    __rt_lib_shutdown_signal_1               0x080001b5   Thumb Code     0  libshutdown2.o(.ARM.Collect$$libshutdown$$00000009)
    __rt_lib_shutdown_stdio_1                0x080001b5   Thumb Code     0  libshutdown2.o(.ARM.Collect$$libshutdown$$00000003)
    __rt_lib_shutdown_user_alloc_1           0x080001b5   Thumb Code     0  libshutdown2.o(.ARM.Collect$$libshutdown$$0000000B)
    __rt_entry                               0x080001b7   Thumb Code     0  __rtentry.o(.ARM.Collect$$rtentry$$00000000)
    __rt_entry_presh_1                       0x080001b7   Thumb Code     0  __rtentry2.o(.ARM.Collect$$rtentry$$00000002)
    __rt_entry_sh                            0x080001b7   Thumb Code     0  __rtentry4.o(.ARM.Collect$$rtentry$$00000004)
    __rt_entry_li                            0x080001bd   Thumb Code     0  __rtentry2.o(.ARM.Collect$$rtentry$$0000000A)
    __rt_entry_postsh_1                      0x080001bd   Thumb Code     0  __rtentry2.o(.ARM.Collect$$rtentry$$00000009)
    __rt_entry_main                          0x080001c1   Thumb Code     0  __rtentry2.o(.ARM.Collect$$rtentry$$0000000D)
    __rt_entry_postli_1                      0x080001c1   Thumb Code     0  __rtentry2.o(.ARM.Collect$$rtentry$$0000000C)
    __rt_exit                                0x080001c9   Thumb Code     0  rtexit.o(.ARM.Collect$$rtexit$$00000000)
    __rt_exit_ls                             0x080001cb   Thumb Code     0  rtexit2.o(.ARM.Collect$$rtexit$$00000003)
    __rt_exit_prels_1                        0x080001cb   Thumb Code     0  rtexit2.o(.ARM.Collect$$rtexit$$00000002)
    __rt_exit_exit                           0x080001cf   Thumb Code     0  rtexit2.o(.ARM.Collect$$rtexit$$00000004)
    Reset_Handler                            0x080001d5   Thumb Code     8  startup_stm32f10x_hd.o(.text)
    ADC1_2_IRQHandler                        0x080001ef   Thumb Code     0  startup_stm32f10x_hd.o(.text)
    ADC3_IRQHandler                          0x080001ef   Thumb Code     0  startup_stm32f10x_hd.o(.text)
    CAN1_RX1_IRQHandler                      0x080001ef   Thumb Code     0  startup_stm32f10x_hd.o(.text)
    CAN1_SCE_IRQHandler                      0x080001ef   Thumb Code     0  startup_stm32f10x_hd.o(.text)
    DMA1_Channel1_IRQHandler                 0x080001ef   Thumb Code     0  startup_stm32f10x_hd.o(.text)
    DMA1_Channel2_IRQHandler                 0x080001ef   Thumb Code     0  startup_stm32f10x_hd.o(.text)
    DMA1_Channel3_IRQHandler                 0x080001ef   Thumb Code     0  startup_stm32f10x_hd.o(.text)
    DMA1_Channel4_IRQHandler                 0x080001ef   Thumb Code     0  startup_stm32f10x_hd.o(.text)
    DMA1_Channel5_IRQHandler                 0x080001ef   Thumb Code     0  startup_stm32f10x_hd.o(.text)
    DMA1_Channel6_IRQHandler                 0x080001ef   Thumb Code     0  startup_stm32f10x_hd.o(.text)
    DMA1_Channel7_IRQHandler                 0x080001ef   Thumb Code     0  startup_stm32f10x_hd.o(.text)
    DMA2_Channel1_IRQHandler                 0x080001ef   Thumb Code     0  startup_stm32f10x_hd.o(.text)
    DMA2_Channel2_IRQHandler                 0x080001ef   Thumb Code     0  startup_stm32f10x_hd.o(.text)
    DMA2_Channel3_IRQHandler                 0x080001ef   Thumb Code     0  startup_stm32f10x_hd.o(.text)
    DMA2_Channel4_5_IRQHandler               0x080001ef   Thumb Code     0  startup_stm32f10x_hd.o(.text)
    EXTI0_IRQHandler                         0x080001ef   Thumb Code     0  startup_stm32f10x_hd.o(.text)
    EXTI15_10_IRQHandler                     0x080001ef   Thumb Code     0  startup_stm32f10x_hd.o(.text)
    EXTI1_IRQHandler                         0x080001ef   Thumb Code     0  startup_stm32f10x_hd.o(.text)
    EXTI2_IRQHandler                         0x080001ef   Thumb Code     0  startup_stm32f10x_hd.o(.text)
    EXTI3_IRQHandler                         0x080001ef   Thumb Code     0  startup_stm32f10x_hd.o(.text)
    EXTI4_IRQHandler                         0x080001ef   Thumb Code     0  startup_stm32f10x_hd.o(.text)
    EXTI9_5_IRQHandler                       0x080001ef   Thumb Code     0  startup_stm32f10x_hd.o(.text)
    FLASH_IRQHandler                         0x080001ef   Thumb Code     0  startup_stm32f10x_hd.o(.text)
    FSMC_IRQHandler                          0x080001ef   Thumb Code     0  startup_stm32f10x_hd.o(.text)
    I2C1_ER_IRQHandler                       0x080001ef   Thumb Code     0  startup_stm32f10x_hd.o(.text)
    I2C1_EV_IRQHandler                       0x080001ef   Thumb Code     0  startup_stm32f10x_hd.o(.text)
    I2C2_ER_IRQHandler                       0x080001ef   Thumb Code     0  startup_stm32f10x_hd.o(.text)
    I2C2_EV_IRQHandler                       0x080001ef   Thumb Code     0  startup_stm32f10x_hd.o(.text)
    PVD_IRQHandler                           0x080001ef   Thumb Code     0  startup_stm32f10x_hd.o(.text)
    RCC_IRQHandler                           0x080001ef   Thumb Code     0  startup_stm32f10x_hd.o(.text)
    RTCAlarm_IRQHandler                      0x080001ef   Thumb Code     0  startup_stm32f10x_hd.o(.text)
    RTC_IRQHandler                           0x080001ef   Thumb Code     0  startup_stm32f10x_hd.o(.text)
    SDIO_IRQHandler                          0x080001ef   Thumb Code     0  startup_stm32f10x_hd.o(.text)
    SPI1_IRQHandler                          0x080001ef   Thumb Code     0  startup_stm32f10x_hd.o(.text)
    SPI2_IRQHandler                          0x080001ef   Thumb Code     0  startup_stm32f10x_hd.o(.text)
    SPI3_IRQHandler                          0x080001ef   Thumb Code     0  startup_stm32f10x_hd.o(.text)
    TAMPER_IRQHandler                        0x080001ef   Thumb Code     0  startup_stm32f10x_hd.o(.text)
    TIM1_BRK_IRQHandler                      0x080001ef   Thumb Code     0  startup_stm32f10x_hd.o(.text)
    TIM1_CC_IRQHandler                       0x080001ef   Thumb Code     0  startup_stm32f10x_hd.o(.text)
    TIM1_TRG_COM_IRQHandler                  0x080001ef   Thumb Code     0  startup_stm32f10x_hd.o(.text)
    TIM1_UP_IRQHandler                       0x080001ef   Thumb Code     0  startup_stm32f10x_hd.o(.text)
    TIM2_IRQHandler                          0x080001ef   Thumb Code     0  startup_stm32f10x_hd.o(.text)
    TIM4_IRQHandler                          0x080001ef   Thumb Code     0  startup_stm32f10x_hd.o(.text)
    TIM5_IRQHandler                          0x080001ef   Thumb Code     0  startup_stm32f10x_hd.o(.text)
    TIM6_IRQHandler                          0x080001ef   Thumb Code     0  startup_stm32f10x_hd.o(.text)
    TIM7_IRQHandler                          0x080001ef   Thumb Code     0  startup_stm32f10x_hd.o(.text)
    TIM8_BRK_IRQHandler                      0x080001ef   Thumb Code     0  startup_stm32f10x_hd.o(.text)
    TIM8_CC_IRQHandler                       0x080001ef   Thumb Code     0  startup_stm32f10x_hd.o(.text)
    TIM8_TRG_COM_IRQHandler                  0x080001ef   Thumb Code     0  startup_stm32f10x_hd.o(.text)
    TIM8_UP_IRQHandler                       0x080001ef   Thumb Code     0  startup_stm32f10x_hd.o(.text)
    UART4_IRQHandler                         0x080001ef   Thumb Code     0  startup_stm32f10x_hd.o(.text)
    UART5_IRQHandler                         0x080001ef   Thumb Code     0  startup_stm32f10x_hd.o(.text)
    USART2_IRQHandler                        0x080001ef   Thumb Code     0  startup_stm32f10x_hd.o(.text)
    USART3_IRQHandler                        0x080001ef   Thumb Code     0  startup_stm32f10x_hd.o(.text)
    USBWakeUp_IRQHandler                     0x080001ef   Thumb Code     0  startup_stm32f10x_hd.o(.text)
    USB_HP_CAN1_TX_IRQHandler                0x080001ef   Thumb Code     0  startup_stm32f10x_hd.o(.text)
    WWDG_IRQHandler                          0x080001ef   Thumb Code     0  startup_stm32f10x_hd.o(.text)
    __user_initial_stackheap                 0x080001f1   Thumb Code     0  startup_stm32f10x_hd.o(.text)
    __use_no_semihosting                     0x08000215   Thumb Code     2  use_no_semi_2.o(.text)
    __2printf                                0x08000219   Thumb Code    20  noretval__2printf.o(.text)
    __printf                                 0x08000231   Thumb Code   104  __printf.o(.text)
    _printf_int_dec                          0x08000299   Thumb Code   104  _printf_dec.o(.text)
    __aeabi_memclr                           0x08000311   Thumb Code     0  rt_memclr.o(.text)
    __rt_memclr                              0x08000311   Thumb Code    68  rt_memclr.o(.text)
    _memset                                  0x08000315   Thumb Code     0  rt_memclr.o(.text)
    __use_two_region_memory                  0x08000355   Thumb Code     2  heapauxi.o(.text)
    __rt_heap_escrow$2region                 0x08000357   Thumb Code     2  heapauxi.o(.text)
    __rt_heap_expand$2region                 0x08000359   Thumb Code     2  heapauxi.o(.text)
    __I$use$semihosting                      0x0800035b   Thumb Code     0  use_no_semi.o(.text)
    __use_no_semihosting_swi                 0x0800035b   Thumb Code     2  use_no_semi.o(.text)
    __read_errno                             0x0800035d   Thumb Code    10  _rserrno.o(.text)
    __set_errno                              0x08000367   Thumb Code    12  _rserrno.o(.text)
    _printf_int_common                       0x08000373   Thumb Code   178  _printf_intcommon.o(.text)
    _printf_char_file                        0x08000425   Thumb Code    32  _printf_char_file.o(.text)
    __aeabi_memclr4                          0x08000449   Thumb Code     0  rt_memclr_w.o(.text)
    __aeabi_memclr8                          0x08000449   Thumb Code     0  rt_memclr_w.o(.text)
    __rt_memclr_w                            0x08000449   Thumb Code    78  rt_memclr_w.o(.text)
    _memset_w                                0x0800044d   Thumb Code     0  rt_memclr_w.o(.text)
    __aeabi_errno_addr                       0x08000499   Thumb Code     8  rt_errno_addr_intlibspace.o(.text)
    __errno$intlibspace                      0x08000499   Thumb Code     0  rt_errno_addr_intlibspace.o(.text)
    __rt_errno_addr$intlibspace              0x08000499   Thumb Code     0  rt_errno_addr_intlibspace.o(.text)
    _printf_char_common                      0x080004ab   Thumb Code    32  _printf_char_common.o(.text)
    ferror                                   0x080004d1   Thumb Code     8  ferror.o(.text)
    __user_libspace                          0x080004d9   Thumb Code     8  libspace.o(.text)
    __user_perproc_libspace                  0x080004d9   Thumb Code     0  libspace.o(.text)
    __user_perthread_libspace                0x080004d9   Thumb Code     0  libspace.o(.text)
    __user_setup_stackheap                   0x080004e1   Thumb Code    74  sys_stackheap_outer.o(.text)
    exit                                     0x0800052b   Thumb Code    12  exit.o(.text)
    BusFault_Handler                         0x08000537   Thumb Code     4  stm32f10x_it.o(i.BusFault_Handler)
    CAN1_Init                                0x0800053d   Thumb Code   488  can.o(i.CAN1_Init)
    CAN1_SendMsg                             0x0800072d   Thumb Code   110  can.o(i.CAN1_SendMsg)
    CAN_FilterInit                           0x080007a1   Thumb Code   258  stm32f10x_can.o(i.CAN_FilterInit)
    CAN_ITConfig                             0x080008a9   Thumb Code    18  stm32f10x_can.o(i.CAN_ITConfig)
    CAN_Init                                 0x080008bb   Thumb Code   276  stm32f10x_can.o(i.CAN_Init)
    CAN_Receive                              0x080009cf   Thumb Code   240  stm32f10x_can.o(i.CAN_Receive)
    CAN_Send_Control_Value                   0x08000ac1   Thumb Code   180  motor_control.o(i.CAN_Send_Control_Value)
    CAN_Transmit                             0x08000b85   Thumb Code   294  stm32f10x_can.o(i.CAN_Transmit)
    CAN_TransmitStatus                       0x08000cad   Thumb Code   138  stm32f10x_can.o(i.CAN_TransmitStatus)
    Control_Initialize                       0x08000d4d   Thumb Code   568  motor_control.o(i.Control_Initialize)
    Data_Convert                             0x08000f91   Thumb Code   152  motor_control.o(i.Data_Convert)
    DebugMon_Handler                         0x0800102d   Thumb Code     2  stm32f10x_it.o(i.DebugMon_Handler)
    FLASH_ErasePage                          0x08001031   Thumb Code    72  stm32f10x_flash.o(i.FLASH_ErasePage)
    FLASH_GetBank1Status                     0x0800107d   Thumb Code    48  stm32f10x_flash.o(i.FLASH_GetBank1Status)
    FLASH_Lock                               0x080010b1   Thumb Code    14  stm32f10x_flash.o(i.FLASH_Lock)
    FLASH_ProgramHalfWord                    0x080010c5   Thumb Code    60  stm32f10x_flash.o(i.FLASH_ProgramHalfWord)
    FLASH_Unlock                             0x08001105   Thumb Code    12  stm32f10x_flash.o(i.FLASH_Unlock)
    FLASH_WaitForLastOperation               0x0800111d   Thumb Code    38  stm32f10x_flash.o(i.FLASH_WaitForLastOperation)
    GPIO_Init                                0x08001143   Thumb Code   278  stm32f10x_gpio.o(i.GPIO_Init)
    GPIO_PinRemapConfig                      0x08001259   Thumb Code   138  stm32f10x_gpio.o(i.GPIO_PinRemapConfig)
    GPIO_ResetBits                           0x080012e9   Thumb Code     4  stm32f10x_gpio.o(i.GPIO_ResetBits)
    HardFault_Handler                        0x080012ed   Thumb Code     4  stm32f10x_it.o(i.HardFault_Handler)
    LED_Init                                 0x080012f1   Thumb Code    50  led.o(i.LED_Init)
    MemManage_Handler                        0x08001329   Thumb Code     4  stm32f10x_it.o(i.MemManage_Handler)
    Motor_Speed_Control                      0x0800132d   Thumb Code   578  motor_control.o(i.Motor_Speed_Control)
    NMI_Handler                              0x08001581   Thumb Code     2  stm32f10x_it.o(i.NMI_Handler)
    NVIC_Init                                0x08001585   Thumb Code   100  misc.o(i.NVIC_Init)
    NVIC_PriorityGroupConfig                 0x080015f5   Thumb Code    10  misc.o(i.NVIC_PriorityGroupConfig)
    PendSV_Handler                           0x08001609   Thumb Code     2  stm32f10x_it.o(i.PendSV_Handler)
    RCC_APB1PeriphClockCmd                   0x0800160d   Thumb Code    26  stm32f10x_rcc.o(i.RCC_APB1PeriphClockCmd)
    RCC_APB2PeriphClockCmd                   0x0800162d   Thumb Code    26  stm32f10x_rcc.o(i.RCC_APB2PeriphClockCmd)
    RCC_GetClocksFreq                        0x0800164d   Thumb Code   192  stm32f10x_rcc.o(i.RCC_GetClocksFreq)
    STMFLASH_Read                            0x08001721   Thumb Code    34  stmflash.o(i.STMFLASH_Read)
    STMFLASH_ReadHalfWord                    0x08001743   Thumb Code     6  stmflash.o(i.STMFLASH_ReadHalfWord)
    STMFLASH_Write                           0x08001749   Thumb Code   222  stmflash.o(i.STMFLASH_Write)
    STMFLASH_Write_NoCheck                   0x08001831   Thumb Code    38  stmflash.o(i.STMFLASH_Write_NoCheck)
    SVC_Handler                              0x08001857   Thumb Code     2  stm32f10x_it.o(i.SVC_Handler)
    SysTick_CLKSourceConfig                  0x08001941   Thumb Code    40  misc.o(i.SysTick_CLKSourceConfig)
    SysTick_Handler                          0x08001969   Thumb Code     2  stm32f10x_it.o(i.SysTick_Handler)
    SystemInit                               0x0800196d   Thumb Code    78  system_stm32f10x.o(i.SystemInit)
    TIM3_IRQHandler                          0x080019cd   Thumb Code   120  tim.o(i.TIM3_IRQHandler)
    TIM3_Int_Init                            0x08001a5d   Thumb Code    90  tim.o(i.TIM3_Int_Init)
    TIM_ClearITPendingBit                    0x08001abd   Thumb Code     6  stm32f10x_tim.o(i.TIM_ClearITPendingBit)
    TIM_Cmd                                  0x08001ac3   Thumb Code    24  stm32f10x_tim.o(i.TIM_Cmd)
    TIM_GetITStatus                          0x08001adb   Thumb Code    34  stm32f10x_tim.o(i.TIM_GetITStatus)
    TIM_ITConfig                             0x08001afd   Thumb Code    18  stm32f10x_tim.o(i.TIM_ITConfig)
    TIM_TimeBaseInit                         0x08001b11   Thumb Code   122  stm32f10x_tim.o(i.TIM_TimeBaseInit)
    USART1_IRQHandler                        0x08001bb5   Thumb Code   446  usart.o(i.USART1_IRQHandler)
    USART_Cmd                                0x08001da1   Thumb Code    24  stm32f10x_usart.o(i.USART_Cmd)
    USART_ITConfig                           0x08001db9   Thumb Code    74  stm32f10x_usart.o(i.USART_ITConfig)
    USART_Init                               0x08001e05   Thumb Code   210  stm32f10x_usart.o(i.USART_Init)
    USB_LP_CAN1_RX0_IRQHandler               0x08001edd   Thumb Code   510  can.o(i.USB_LP_CAN1_RX0_IRQHandler)
    UsageFault_Handler                       0x080020f1   Thumb Code     4  stm32f10x_it.o(i.UsageFault_Handler)
    __ARM_fpclassify                         0x080020f5   Thumb Code    40  fpclassify.o(i.__ARM_fpclassify)
    __kernel_poly                            0x0800211d   Thumb Code   170  poly.o(i.__kernel_poly)
    __mathlib_dbl_divzero                    0x080021c9   Thumb Code    12  dunder.o(i.__mathlib_dbl_divzero)
    __mathlib_dbl_infnan2                    0x080021d9   Thumb Code     4  dunder.o(i.__mathlib_dbl_infnan2)
    __mathlib_dbl_invalid                    0x080021dd   Thumb Code    12  dunder.o(i.__mathlib_dbl_invalid)
    __mathlib_dbl_overflow                   0x080021e9   Thumb Code    14  dunder.o(i.__mathlib_dbl_overflow)
    __mathlib_dbl_underflow                  0x080021f9   Thumb Code    10  dunder.o(i.__mathlib_dbl_underflow)
    _sys_exit                                0x08002209   Thumb Code     6  usart.o(i._sys_exit)
    delay_init                               0x08002211   Thumb Code    50  delay.o(i.delay_init)
    delay_ms                                 0x08002255   Thumb Code    72  delay.o(i.delay_ms)
    fputc                                    0x080022a1   Thumb Code    24  usart.o(i.fputc)
    main                                     0x080022bd   Thumb Code    78  main.o(i.main)
    pow                                      0x08002311   Thumb Code  2478  pow.o(i.pow)
    sqrt                                     0x08002cc9   Thumb Code    76  sqrt.o(i.sqrt)
    uart_init                                0x08002d15   Thumb Code   152  usart.o(i.uart_init)
    __aeabi_d2f                              0x08002db5   Thumb Code     0  d2f.o(x$fpl$d2f)
    _d2f                                     0x08002db5   Thumb Code    98  d2f.o(x$fpl$d2f)
    __aeabi_dadd                             0x08002e19   Thumb Code     0  daddsub_clz.o(x$fpl$dadd)
    _dadd                                    0x08002e19   Thumb Code   332  daddsub_clz.o(x$fpl$dadd)
    __fpl_dcheck_NaN1                        0x08002f69   Thumb Code    10  dcheck1.o(x$fpl$dcheck1)
    __fpl_dcmp_Inf                           0x08002f79   Thumb Code    24  dcmpi.o(x$fpl$dcmpinf)
    __aeabi_ddiv                             0x08002f91   Thumb Code     0  ddiv.o(x$fpl$ddiv)
    _ddiv                                    0x08002f91   Thumb Code   552  ddiv.o(x$fpl$ddiv)
    __aeabi_d2iz                             0x08003241   Thumb Code     0  dfix.o(x$fpl$dfix)
    _dfix                                    0x08003241   Thumb Code    94  dfix.o(x$fpl$dfix)
    __aeabi_i2d                              0x0800329f   Thumb Code     0  dflt_clz.o(x$fpl$dflt)
    _dflt                                    0x0800329f   Thumb Code    46  dflt_clz.o(x$fpl$dflt)
    __aeabi_cdcmple                          0x080032cd   Thumb Code     0  dleqf.o(x$fpl$dleqf)
    _dcmple                                  0x080032cd   Thumb Code   120  dleqf.o(x$fpl$dleqf)
    __fpl_dcmple_InfNaN                      0x0800332f   Thumb Code     0  dleqf.o(x$fpl$dleqf)
    __aeabi_dmul                             0x08003345   Thumb Code     0  dmul.o(x$fpl$dmul)
    _dmul                                    0x08003345   Thumb Code   332  dmul.o(x$fpl$dmul)
    __fpl_dnaninf                            0x08003499   Thumb Code   156  dnaninf.o(x$fpl$dnaninf)
    __fpl_dretinf                            0x08003535   Thumb Code    12  dretinf.o(x$fpl$dretinf)
    __aeabi_cdrcmple                         0x08003541   Thumb Code     0  drleqf.o(x$fpl$drleqf)
    _drcmple                                 0x08003541   Thumb Code   108  drleqf.o(x$fpl$drleqf)
    __aeabi_drsub                            0x080035ad   Thumb Code     0  daddsub_clz.o(x$fpl$drsb)
    _drsb                                    0x080035ad   Thumb Code    22  daddsub_clz.o(x$fpl$drsb)
    _dsqrt                                   0x080035c5   Thumb Code   456  dsqrt_noumaal.o(x$fpl$dsqrt)
    __aeabi_dsub                             0x08003791   Thumb Code     0  daddsub_clz.o(x$fpl$dsub)
    _dsub                                    0x08003791   Thumb Code   464  daddsub_clz.o(x$fpl$dsub)
    __aeabi_f2d                              0x08003965   Thumb Code     0  f2d.o(x$fpl$f2d)
    _f2d                                     0x08003965   Thumb Code    86  f2d.o(x$fpl$f2d)
    __aeabi_fdiv                             0x080039bd   Thumb Code     0  fdiv.o(x$fpl$fdiv)
    _fdiv                                    0x080039bd   Thumb Code   384  fdiv.o(x$fpl$fdiv)
    __aeabi_f2iz                             0x08003b41   Thumb Code     0  ffix.o(x$fpl$ffix)
    _ffix                                    0x08003b41   Thumb Code    54  ffix.o(x$fpl$ffix)
    __aeabi_f2uiz                            0x08003b79   Thumb Code     0  ffixu.o(x$fpl$ffixu)
    _ffixu                                   0x08003b79   Thumb Code    62  ffixu.o(x$fpl$ffixu)
    __aeabi_fmul                             0x08003bb9   Thumb Code     0  fmul.o(x$fpl$fmul)
    _fmul                                    0x08003bb9   Thumb Code   258  fmul.o(x$fpl$fmul)
    __fpl_fnaninf                            0x08003cbb   Thumb Code   140  fnaninf.o(x$fpl$fnaninf)
    __fpl_fretinf                            0x08003d47   Thumb Code    10  fretinf.o(x$fpl$fretinf)
    __fpl_return_NaN                         0x08003d51   Thumb Code   100  retnan.o(x$fpl$retnan)
    __ARM_scalbn                             0x08003db5   Thumb Code    92  scalbn.o(x$fpl$scalbn)
    __fpl_cmpreturn                          0x08003e11   Thumb Code    48  trapv.o(x$fpl$trapveneer)
    __I$use$fp                               0x08003e40   Number         0  usenofp.o(x$fpl$usenofp)
    __mathlib_zero                           0x08003ec8   Data           8  qnan.o(.constdata)
    Region$$Table$$Base                      0x08003ed0   Number         0  anon$$obj.o(Region$$Table)
    Region$$Table$$Limit                     0x08003ef0   Number         0  anon$$obj.o(Region$$Table)
    SystemCoreClock                          0x20000000   Data           4  system_stm32f10x.o(.data)
    AHBPrescTable                            0x20000004   Data          16  system_stm32f10x.o(.data)
    __stdout                                 0x20000018   Data           4  usart.o(.data)
    PID_Buffer                               0x2000001c   Data           6  usart.o(.data)
    M3508                                    0x20000090   Data         528  motor_control.o(.bss)
    STMFLASH_BUF                             0x200002a0   Data        2048  stmflash.o(.bss)
    __libspace_start                         0x20000aa0   Data          96  libspace.o(.bss)
    __temporary_stack_top$libspace           0x20000b00   Data           0  libspace.o(.bss)



==============================================================================

Memory Map of the image

  Image Entry point : 0x080001d5

  Load Region LR_1 (Base: 0x08000000, Size: 0x00003f48, Max: 0xffffffff, ABSOLUTE)

    Execution Region ER_RO (Base: 0x08000000, Size: 0x00003ef0, Max: 0xffffffff, ABSOLUTE)

    Base Addr    Size         Type   Attr      Idx    E Section Name        Object

    0x08000000   0x00000130   Data   RO          381    RESET               startup_stm32f10x_hd.o
    0x08000130   0x00000008   Code   RO         2531  * !!!main             c_w.l(__main.o)
    0x08000138   0x00000034   Code   RO         2827    !!!scatter          c_w.l(__scatter.o)
    0x0800016c   0x0000001a   Code   RO         2829    !!handler_copy      c_w.l(__scatter_copy.o)
    0x08000186   0x00000002   PAD
    0x08000188   0x0000001c   Code   RO         2831    !!handler_zi        c_w.l(__scatter_zi.o)
    0x080001a4   0x00000000   Code   RO         2526    .ARM.Collect$$_printf_percent$$00000000  c_w.l(_printf_percent.o)
    0x080001a4   0x00000006   Code   RO         2525    .ARM.Collect$$_printf_percent$$00000009  c_w.l(_printf_d.o)
    0x080001aa   0x00000004   Code   RO         2610    .ARM.Collect$$_printf_percent$$00000017  c_w.l(_printf_percent_end.o)
    0x080001ae   0x00000002   Code   RO         2701    .ARM.Collect$$libinit$$00000000  c_w.l(libinit.o)
    0x080001b0   0x00000000   Code   RO         2707    .ARM.Collect$$libinit$$00000002  c_w.l(libinit2.o)
    0x080001b0   0x00000000   Code   RO         2709    .ARM.Collect$$libinit$$00000004  c_w.l(libinit2.o)
    0x080001b0   0x00000000   Code   RO         2712    .ARM.Collect$$libinit$$0000000A  c_w.l(libinit2.o)
    0x080001b0   0x00000000   Code   RO         2714    .ARM.Collect$$libinit$$0000000C  c_w.l(libinit2.o)
    0x080001b0   0x00000000   Code   RO         2716    .ARM.Collect$$libinit$$0000000E  c_w.l(libinit2.o)
    0x080001b0   0x00000000   Code   RO         2719    .ARM.Collect$$libinit$$00000011  c_w.l(libinit2.o)
    0x080001b0   0x00000000   Code   RO         2721    .ARM.Collect$$libinit$$00000013  c_w.l(libinit2.o)
    0x080001b0   0x00000000   Code   RO         2723    .ARM.Collect$$libinit$$00000015  c_w.l(libinit2.o)
    0x080001b0   0x00000000   Code   RO         2725    .ARM.Collect$$libinit$$00000017  c_w.l(libinit2.o)
    0x080001b0   0x00000000   Code   RO         2727    .ARM.Collect$$libinit$$00000019  c_w.l(libinit2.o)
    0x080001b0   0x00000000   Code   RO         2729    .ARM.Collect$$libinit$$0000001B  c_w.l(libinit2.o)
    0x080001b0   0x00000000   Code   RO         2731    .ARM.Collect$$libinit$$0000001D  c_w.l(libinit2.o)
    0x080001b0   0x00000000   Code   RO         2733    .ARM.Collect$$libinit$$0000001F  c_w.l(libinit2.o)
    0x080001b0   0x00000000   Code   RO         2735    .ARM.Collect$$libinit$$00000021  c_w.l(libinit2.o)
    0x080001b0   0x00000000   Code   RO         2737    .ARM.Collect$$libinit$$00000023  c_w.l(libinit2.o)
    0x080001b0   0x00000000   Code   RO         2739    .ARM.Collect$$libinit$$00000025  c_w.l(libinit2.o)
    0x080001b0   0x00000000   Code   RO         2743    .ARM.Collect$$libinit$$0000002C  c_w.l(libinit2.o)
    0x080001b0   0x00000000   Code   RO         2745    .ARM.Collect$$libinit$$0000002E  c_w.l(libinit2.o)
    0x080001b0   0x00000000   Code   RO         2747    .ARM.Collect$$libinit$$00000030  c_w.l(libinit2.o)
    0x080001b0   0x00000000   Code   RO         2749    .ARM.Collect$$libinit$$00000032  c_w.l(libinit2.o)
    0x080001b0   0x00000002   Code   RO         2750    .ARM.Collect$$libinit$$00000033  c_w.l(libinit2.o)
    0x080001b2   0x00000002   Code   RO         2770    .ARM.Collect$$libshutdown$$00000000  c_w.l(libshutdown.o)
    0x080001b4   0x00000000   Code   RO         2781    .ARM.Collect$$libshutdown$$00000003  c_w.l(libshutdown2.o)
    0x080001b4   0x00000000   Code   RO         2784    .ARM.Collect$$libshutdown$$00000006  c_w.l(libshutdown2.o)
    0x080001b4   0x00000000   Code   RO         2787    .ARM.Collect$$libshutdown$$00000009  c_w.l(libshutdown2.o)
    0x080001b4   0x00000000   Code   RO         2789    .ARM.Collect$$libshutdown$$0000000B  c_w.l(libshutdown2.o)
    0x080001b4   0x00000000   Code   RO         2792    .ARM.Collect$$libshutdown$$0000000E  c_w.l(libshutdown2.o)
    0x080001b4   0x00000002   Code   RO         2793    .ARM.Collect$$libshutdown$$0000000F  c_w.l(libshutdown2.o)
    0x080001b6   0x00000000   Code   RO         2603    .ARM.Collect$$rtentry$$00000000  c_w.l(__rtentry.o)
    0x080001b6   0x00000000   Code   RO         2656    .ARM.Collect$$rtentry$$00000002  c_w.l(__rtentry2.o)
    0x080001b6   0x00000006   Code   RO         2668    .ARM.Collect$$rtentry$$00000004  c_w.l(__rtentry4.o)
    0x080001bc   0x00000000   Code   RO         2658    .ARM.Collect$$rtentry$$00000009  c_w.l(__rtentry2.o)
    0x080001bc   0x00000004   Code   RO         2659    .ARM.Collect$$rtentry$$0000000A  c_w.l(__rtentry2.o)
    0x080001c0   0x00000000   Code   RO         2661    .ARM.Collect$$rtentry$$0000000C  c_w.l(__rtentry2.o)
    0x080001c0   0x00000008   Code   RO         2662    .ARM.Collect$$rtentry$$0000000D  c_w.l(__rtentry2.o)
    0x080001c8   0x00000002   Code   RO         2704    .ARM.Collect$$rtexit$$00000000  c_w.l(rtexit.o)
    0x080001ca   0x00000000   Code   RO         2754    .ARM.Collect$$rtexit$$00000002  c_w.l(rtexit2.o)
    0x080001ca   0x00000004   Code   RO         2755    .ARM.Collect$$rtexit$$00000003  c_w.l(rtexit2.o)
    0x080001ce   0x00000006   Code   RO         2756    .ARM.Collect$$rtexit$$00000004  c_w.l(rtexit2.o)
    0x080001d4   0x00000040   Code   RO          382  * .text               startup_stm32f10x_hd.o
    0x08000214   0x00000002   Code   RO         2495    .text               c_w.l(use_no_semi_2.o)
    0x08000216   0x00000002   PAD
    0x08000218   0x00000018   Code   RO         2499    .text               c_w.l(noretval__2printf.o)
    0x08000230   0x00000068   Code   RO         2501    .text               c_w.l(__printf.o)
    0x08000298   0x00000078   Code   RO         2503    .text               c_w.l(_printf_dec.o)
    0x08000310   0x00000044   Code   RO         2527    .text               c_w.l(rt_memclr.o)
    0x08000354   0x00000006   Code   RO         2529    .text               c_w.l(heapauxi.o)
    0x0800035a   0x00000002   Code   RO         2601    .text               c_w.l(use_no_semi.o)
    0x0800035c   0x00000016   Code   RO         2604    .text               c_w.l(_rserrno.o)
    0x08000372   0x000000b2   Code   RO         2606    .text               c_w.l(_printf_intcommon.o)
    0x08000424   0x00000024   Code   RO         2608    .text               c_w.l(_printf_char_file.o)
    0x08000448   0x0000004e   Code   RO         2611    .text               c_w.l(rt_memclr_w.o)
    0x08000496   0x00000002   PAD
    0x08000498   0x00000008   Code   RO         2673    .text               c_w.l(rt_errno_addr_intlibspace.o)
    0x080004a0   0x00000030   Code   RO         2675    .text               c_w.l(_printf_char_common.o)
    0x080004d0   0x00000008   Code   RO         2677    .text               c_w.l(ferror.o)
    0x080004d8   0x00000008   Code   RO         2687    .text               c_w.l(libspace.o)
    0x080004e0   0x0000004a   Code   RO         2690    .text               c_w.l(sys_stackheap_outer.o)
    0x0800052a   0x0000000c   Code   RO         2694    .text               c_w.l(exit.o)
    0x08000536   0x00000004   Code   RO          153    i.BusFault_Handler  stm32f10x_it.o
    0x0800053a   0x00000002   PAD
    0x0800053c   0x000001f0   Code   RO         2350    i.CAN1_Init         can.o
    0x0800072c   0x00000074   Code   RO         2351    i.CAN1_SendMsg      can.o
    0x080007a0   0x00000108   Code   RO          650    i.CAN_FilterInit    stm32f10x_can.o
    0x080008a8   0x00000012   Code   RO          656    i.CAN_ITConfig      stm32f10x_can.o
    0x080008ba   0x00000114   Code   RO          657    i.CAN_Init          stm32f10x_can.o
    0x080009ce   0x000000f0   Code   RO          660    i.CAN_Receive       stm32f10x_can.o
    0x08000abe   0x00000002   PAD
    0x08000ac0   0x000000c4   Code   RO         2375    i.CAN_Send_Control_Value  motor_control.o
    0x08000b84   0x00000126   Code   RO          665    i.CAN_Transmit      stm32f10x_can.o
    0x08000caa   0x00000002   PAD
    0x08000cac   0x000000a0   Code   RO          666    i.CAN_TransmitStatus  stm32f10x_can.o
    0x08000d4c   0x00000244   Code   RO         2376    i.Control_Initialize  motor_control.o
    0x08000f90   0x0000009c   Code   RO         2377    i.Data_Convert      motor_control.o
    0x0800102c   0x00000002   Code   RO          154    i.DebugMon_Handler  stm32f10x_it.o
    0x0800102e   0x00000002   PAD
    0x08001030   0x0000004c   Code   RO         1972    i.FLASH_ErasePage   stm32f10x_flash.o
    0x0800107c   0x00000034   Code   RO         1973    i.FLASH_GetBank1Status  stm32f10x_flash.o
    0x080010b0   0x00000014   Code   RO         1982    i.FLASH_Lock        stm32f10x_flash.o
    0x080010c4   0x00000040   Code   RO         1985    i.FLASH_ProgramHalfWord  stm32f10x_flash.o
    0x08001104   0x00000018   Code   RO         1990    i.FLASH_Unlock      stm32f10x_flash.o
    0x0800111c   0x00000026   Code   RO         1994    i.FLASH_WaitForLastOperation  stm32f10x_flash.o
    0x08001142   0x00000116   Code   RO          931    i.GPIO_Init         stm32f10x_gpio.o
    0x08001258   0x00000090   Code   RO          933    i.GPIO_PinRemapConfig  stm32f10x_gpio.o
    0x080012e8   0x00000004   Code   RO          938    i.GPIO_ResetBits    stm32f10x_gpio.o
    0x080012ec   0x00000004   Code   RO          155    i.HardFault_Handler  stm32f10x_it.o
    0x080012f0   0x00000038   Code   RO         2261    i.LED_Init          led.o
    0x08001328   0x00000004   Code   RO          156    i.MemManage_Handler  stm32f10x_it.o
    0x0800132c   0x00000254   Code   RO         2382    i.Motor_Speed_Control  motor_control.o
    0x08001580   0x00000002   Code   RO          157    i.NMI_Handler       stm32f10x_it.o
    0x08001582   0x00000002   PAD
    0x08001584   0x00000070   Code   RO          386    i.NVIC_Init         misc.o
    0x080015f4   0x00000014   Code   RO          387    i.NVIC_PriorityGroupConfig  misc.o
    0x08001608   0x00000002   Code   RO          158    i.PendSV_Handler    stm32f10x_it.o
    0x0800160a   0x00000002   PAD
    0x0800160c   0x00000020   Code   RO         1041    i.RCC_APB1PeriphClockCmd  stm32f10x_rcc.o
    0x0800162c   0x00000020   Code   RO         1043    i.RCC_APB2PeriphClockCmd  stm32f10x_rcc.o
    0x0800164c   0x000000d4   Code   RO         1051    i.RCC_GetClocksFreq  stm32f10x_rcc.o
    0x08001720   0x00000022   Code   RO         2436    i.STMFLASH_Read     stmflash.o
    0x08001742   0x00000006   Code   RO         2437    i.STMFLASH_ReadHalfWord  stmflash.o
    0x08001748   0x000000e8   Code   RO         2438    i.STMFLASH_Write    stmflash.o
    0x08001830   0x00000026   Code   RO         2439    i.STMFLASH_Write_NoCheck  stmflash.o
    0x08001856   0x00000002   Code   RO          159    i.SVC_Handler       stm32f10x_it.o
    0x08001858   0x00000008   Code   RO          242    i.SetSysClock       system_stm32f10x.o
    0x08001860   0x000000e0   Code   RO          243    i.SetSysClockTo72   system_stm32f10x.o
    0x08001940   0x00000028   Code   RO          390    i.SysTick_CLKSourceConfig  misc.o
    0x08001968   0x00000002   Code   RO          160    i.SysTick_Handler   stm32f10x_it.o
    0x0800196a   0x00000002   PAD
    0x0800196c   0x00000060   Code   RO          245    i.SystemInit        system_stm32f10x.o
    0x080019cc   0x00000090   Code   RO         2331    i.TIM3_IRQHandler   tim.o
    0x08001a5c   0x00000060   Code   RO         2332    i.TIM3_Int_Init     tim.o
    0x08001abc   0x00000006   Code   RO         1250    i.TIM_ClearITPendingBit  stm32f10x_tim.o
    0x08001ac2   0x00000018   Code   RO         1255    i.TIM_Cmd           stm32f10x_tim.o
    0x08001ada   0x00000022   Code   RO         1276    i.TIM_GetITStatus   stm32f10x_tim.o
    0x08001afc   0x00000012   Code   RO         1280    i.TIM_ITConfig      stm32f10x_tim.o
    0x08001b0e   0x00000002   PAD
    0x08001b10   0x000000a4   Code   RO         1326    i.TIM_TimeBaseInit  stm32f10x_tim.o
    0x08001bb4   0x000001ec   Code   RO          331    i.USART1_IRQHandler  usart.o
    0x08001da0   0x00000018   Code   RO         1791    i.USART_Cmd         stm32f10x_usart.o
    0x08001db8   0x0000004a   Code   RO         1797    i.USART_ITConfig    stm32f10x_usart.o
    0x08001e02   0x00000002   PAD
    0x08001e04   0x000000d8   Code   RO         1798    i.USART_Init        stm32f10x_usart.o
    0x08001edc   0x00000214   Code   RO         2352    i.USB_LP_CAN1_RX0_IRQHandler  can.o
    0x080020f0   0x00000004   Code   RO          161    i.UsageFault_Handler  stm32f10x_it.o
    0x080020f4   0x00000028   Code   RO         2642    i.__ARM_fpclassify  m_ws.l(fpclassify.o)
    0x0800211c   0x000000aa   Code   RO         2644    i.__kernel_poly     m_ws.l(poly.o)
    0x080021c6   0x00000002   PAD
    0x080021c8   0x00000010   Code   RO         2628    i.__mathlib_dbl_divzero  m_ws.l(dunder.o)
    0x080021d8   0x00000004   Code   RO         2630    i.__mathlib_dbl_infnan2  m_ws.l(dunder.o)
    0x080021dc   0x0000000c   Code   RO         2631    i.__mathlib_dbl_invalid  m_ws.l(dunder.o)
    0x080021e8   0x0000000e   Code   RO         2632    i.__mathlib_dbl_overflow  m_ws.l(dunder.o)
    0x080021f6   0x00000002   PAD
    0x080021f8   0x00000010   Code   RO         2634    i.__mathlib_dbl_underflow  m_ws.l(dunder.o)
    0x08002208   0x00000006   Code   RO          332    i._sys_exit         usart.o
    0x0800220e   0x00000002   PAD
    0x08002210   0x00000044   Code   RO          276    i.delay_init        delay.o
    0x08002254   0x0000004c   Code   RO          277    i.delay_ms          delay.o
    0x080022a0   0x0000001c   Code   RO          333    i.fputc             usart.o
    0x080022bc   0x00000054   Code   RO            2    i.main              main.o
    0x08002310   0x000009b8   Code   RO         2592    i.pow               m_ws.l(pow.o)
    0x08002cc8   0x0000004c   Code   RO         2648    i.sqrt              m_ws.l(sqrt.o)
    0x08002d14   0x000000a0   Code   RO          334    i.uart_init         usart.o
    0x08002db4   0x00000062   Code   RO         2533    x$fpl$d2f           fz_ws.l(d2f.o)
    0x08002e16   0x00000002   PAD
    0x08002e18   0x00000150   Code   RO         2535    x$fpl$dadd          fz_ws.l(daddsub_clz.o)
    0x08002f68   0x00000010   Code   RO         2681    x$fpl$dcheck1       fz_ws.l(dcheck1.o)
    0x08002f78   0x00000018   Code   RO         2613    x$fpl$dcmpinf       fz_ws.l(dcmpi.o)
    0x08002f90   0x000002b0   Code   RO         2542    x$fpl$ddiv          fz_ws.l(ddiv.o)
    0x08003240   0x0000005e   Code   RO         2545    x$fpl$dfix          fz_ws.l(dfix.o)
    0x0800329e   0x0000002e   Code   RO         2550    x$fpl$dflt          fz_ws.l(dflt_clz.o)
    0x080032cc   0x00000078   Code   RO         2555    x$fpl$dleqf         fz_ws.l(dleqf.o)
    0x08003344   0x00000154   Code   RO         2557    x$fpl$dmul          fz_ws.l(dmul.o)
    0x08003498   0x0000009c   Code   RO         2615    x$fpl$dnaninf       fz_ws.l(dnaninf.o)
    0x08003534   0x0000000c   Code   RO         2617    x$fpl$dretinf       fz_ws.l(dretinf.o)
    0x08003540   0x0000006c   Code   RO         2559    x$fpl$drleqf        fz_ws.l(drleqf.o)
    0x080035ac   0x00000016   Code   RO         2536    x$fpl$drsb          fz_ws.l(daddsub_clz.o)
    0x080035c2   0x00000002   PAD
    0x080035c4   0x000001cc   Code   RO         2683    x$fpl$dsqrt         fz_ws.l(dsqrt_noumaal.o)
    0x08003790   0x000001d4   Code   RO         2537    x$fpl$dsub          fz_ws.l(daddsub_clz.o)
    0x08003964   0x00000056   Code   RO         2561    x$fpl$f2d           fz_ws.l(f2d.o)
    0x080039ba   0x00000002   PAD
    0x080039bc   0x00000184   Code   RO         2570    x$fpl$fdiv          fz_ws.l(fdiv.o)
    0x08003b40   0x00000036   Code   RO         2573    x$fpl$ffix          fz_ws.l(ffix.o)
    0x08003b76   0x00000002   PAD
    0x08003b78   0x0000003e   Code   RO         2577    x$fpl$ffixu         fz_ws.l(ffixu.o)
    0x08003bb6   0x00000002   PAD
    0x08003bb8   0x00000102   Code   RO         2587    x$fpl$fmul          fz_ws.l(fmul.o)
    0x08003cba   0x0000008c   Code   RO         2621    x$fpl$fnaninf       fz_ws.l(fnaninf.o)
    0x08003d46   0x0000000a   Code   RO         2623    x$fpl$fretinf       fz_ws.l(fretinf.o)
    0x08003d50   0x00000064   Code   RO         2702    x$fpl$retnan        fz_ws.l(retnan.o)
    0x08003db4   0x0000005c   Code   RO         2625    x$fpl$scalbn        fz_ws.l(scalbn.o)
    0x08003e10   0x00000030   Code   RO         2751    x$fpl$trapveneer    fz_ws.l(trapv.o)
    0x08003e40   0x00000000   Code   RO         2627    x$fpl$usenofp       fz_ws.l(usenofp.o)
    0x08003e40   0x00000088   Data   RO         2593    .constdata          m_ws.l(pow.o)
    0x08003ec8   0x00000008   Data   RO         2646    .constdata          m_ws.l(qnan.o)
    0x08003ed0   0x00000020   Data   RO         2825    Region$$Table       anon$$obj.o


    Execution Region ER_RW (Base: 0x20000000, Size: 0x00000058, Max: 0xffffffff, ABSOLUTE)

    Base Addr    Size         Type   Attr      Idx    E Section Name        Object

    0x20000000   0x00000014   Data   RW          246    .data               system_stm32f10x.o
    0x20000014   0x00000004   Data   RW          279    .data               delay.o
    0x20000018   0x00000014   Data   RW          336    .data               usart.o
    0x2000002c   0x00000014   Data   RW         1071    .data               stm32f10x_rcc.o
    0x20000040   0x00000004   Data   RW         2353    .data               can.o
    0x20000044   0x00000012   Data   RW         2384    .data               motor_control.o


    Execution Region ER_ZI (Base: 0x20000058, Size: 0x000010a8, Max: 0xffffffff, ABSOLUTE)

    Base Addr    Size         Type   Attr      Idx    E Section Name        Object

    0x20000058   0x00000032   Zero   RW          335    .bss                usart.o
    0x2000008a   0x00000006   PAD
    0x20000090   0x00000210   Zero   RW         2383    .bss                motor_control.o
    0x200002a0   0x00000800   Zero   RW         2441    .bss                stmflash.o
    0x20000aa0   0x00000060   Zero   RW         2688    .bss                c_w.l(libspace.o)
    0x20000b00   0x00000200   Zero   RW          380    HEAP                startup_stm32f10x_hd.o
    0x20000d00   0x00000400   Zero   RW          379    STACK               startup_stm32f10x_hd.o


==============================================================================

Image component sizes


      Code (inc. data)   RO Data    RW Data    ZI Data      Debug   Object Name

      1144         36          0          4          0       2948   can.o
       144         22          0          4          0       1112   delay.o
        56          6          0          0          0        463   led.o
        84          6          0          0          0     267619   main.o
       172         22          0          0          0       1953   misc.o
      1528         50          0         18        528       4583   motor_control.o
        64         26        304          0       1536        780   startup_stm32f10x_hd.o
      1252         28          0          0          0       4869   stm32f10x_can.o
       274         30          0          0          0       3226   stm32f10x_flash.o
       426          6          0          0          0       3211   stm32f10x_gpio.o
        26          0          0          0          0       3470   stm32f10x_it.o
       276         32          0         20          0       4310   stm32f10x_rcc.o
       246         42          0          0          0       3382   stm32f10x_tim.o
       314          6          0          0          0       3550   stm32f10x_usart.o
       310         10          0          0       2048       3301   stmflash.o
         0          0          0          0          0         32   sys.o
       328         28          0         20          0       1957   system_stm32f10x.o
       240         30          0          0          0       1106   tim.o
       686         58          0         20         50       4133   usart.o

    ----------------------------------------------------------------------
      7590        438        336         88       4168     316005   Object Totals
         0          0         32          0          0          0   (incl. Generated)
        20          0          0          2          6          0   (incl. Padding)

    ----------------------------------------------------------------------

      Code (inc. data)   RO Data    RW Data    ZI Data      Debug   Library Member Name

         8          0          0          0          0         68   __main.o
       104          0          0          0          0         84   __printf.o
         0          0          0          0          0          0   __rtentry.o
        12          0          0          0          0          0   __rtentry2.o
         6          0          0          0          0          0   __rtentry4.o
        52          8          0          0          0          0   __scatter.o
        26          0          0          0          0          0   __scatter_copy.o
        28          0          0          0          0          0   __scatter_zi.o
        48          6          0          0          0         96   _printf_char_common.o
        36          4          0          0          0         80   _printf_char_file.o
         6          0          0          0          0          0   _printf_d.o
       120         16          0          0          0         92   _printf_dec.o
       178          0          0          0          0         88   _printf_intcommon.o
         0          0          0          0          0          0   _printf_percent.o
         4          0          0          0          0          0   _printf_percent_end.o
        22          0          0          0          0        100   _rserrno.o
        12          0          0          0          0         72   exit.o
         8          0          0          0          0         68   ferror.o
         6          0          0          0          0        152   heapauxi.o
         2          0          0          0          0          0   libinit.o
         2          0          0          0          0          0   libinit2.o
         2          0          0          0          0          0   libshutdown.o
         2          0          0          0          0          0   libshutdown2.o
         8          4          0          0         96         68   libspace.o
        24          4          0          0          0         84   noretval__2printf.o
         8          4          0          0          0         68   rt_errno_addr_intlibspace.o
        68          0          0          0          0         68   rt_memclr.o
        78          0          0          0          0         80   rt_memclr_w.o
         2          0          0          0          0          0   rtexit.o
        10          0          0          0          0          0   rtexit2.o
        74          0          0          0          0         80   sys_stackheap_outer.o
         2          0          0          0          0         68   use_no_semi.o
         2          0          0          0          0         68   use_no_semi_2.o
        98          4          0          0          0         92   d2f.o
       826         16          0          0          0        348   daddsub_clz.o
        16          4          0          0          0         68   dcheck1.o
        24          0          0          0          0         68   dcmpi.o
       688        140          0          0          0        208   ddiv.o
        94          4          0          0          0         92   dfix.o
        46          0          0          0          0         68   dflt_clz.o
       120          4          0          0          0         92   dleqf.o
       340         12          0          0          0        104   dmul.o
       156          4          0          0          0         92   dnaninf.o
        12          0          0          0          0         68   dretinf.o
       108          0          0          0          0         80   drleqf.o
       460         56          0          0          0        120   dsqrt_noumaal.o
        86          4          0          0          0         84   f2d.o
       388         76          0          0          0         96   fdiv.o
        54          4          0          0          0         84   ffix.o
        62          4          0          0          0         84   ffixu.o
       258          4          0          0          0         84   fmul.o
       140          4          0          0          0         84   fnaninf.o
        10          0          0          0          0         68   fretinf.o
       100          0          0          0          0         68   retnan.o
        92          0          0          0          0         68   scalbn.o
        48          0          0          0          0         68   trapv.o
         0          0          0          0          0          0   usenofp.o
        62         10          0          0          0        340   dunder.o
        40          0          0          0          0         68   fpclassify.o
       170          0          0          0          0         96   poly.o
      2488        190        136          0          0        300   pow.o
         0          0          8          0          0          0   qnan.o
        76          0          0          0          0         84   sqrt.o

    ----------------------------------------------------------------------
      8042        586        144          0         96       4660   Library Totals
        20          0          0          0          0          0   (incl. Padding)

    ----------------------------------------------------------------------

      Code (inc. data)   RO Data    RW Data    ZI Data      Debug   Library Name

       960         46          0          0         96       1484   c_w.l
      4226        340          0          0          0       2288   fz_ws.l
      2836        200        144          0          0        888   m_ws.l

    ----------------------------------------------------------------------
      8042        586        144          0         96       4660   Library Totals

    ----------------------------------------------------------------------

==============================================================================


      Code (inc. data)   RO Data    RW Data    ZI Data      Debug   

     15632       1024        480         88       4264     315149   Grand Totals
     15632       1024        480         88       4264     315149   ELF Image Totals
     15632       1024        480         88          0          0   ROM Totals

==============================================================================

    Total RO  Size (Code + RO Data)                16112 (  15.73kB)
    Total RW  Size (RW Data + ZI Data)              4352 (   4.25kB)
    Total ROM Size (Code + RO Data + RW Data)      16200 (  15.82kB)

==============================================================================

