<html>
<body>
<pre>
<h1>µVision Build Log</h1>
<h2>Tool Versions:</h2>
IDE-Version: ¦ÌVision V5.14.0.0
Copyright (C) 2015 ARM Ltd and ARM Germany GmbH. All rights reserved.
License Information: lcd lcd, lcd, LIC=GMZCX-HU6AR-8S4YU-SF5Y8-FA8N9-E7DGG
 
Tool Versions:
Toolchain:       MDK-ARM Standard  Version: 5.14.0.0
Toolchain Path:  D:\MDK5\ARM\ARMCC\Bin
C Compiler:      Armcc.exe V5.05 update 1 (build 106)
Assembler:       Armasm.exe V5.05 update 1 (build 106)
Linker/Locator:  ArmLink.exe V5.05 update 1 (build 106)
Library Manager: ArmAr.exe V5.05 update 1 (build 106)
Hex Converter:   FromElf.exe V5.05 update 1 (build 106)
CPU DLL:         SARMCM3.DLL V5.14.0.0
Dialog DLL:      DCM.DLL V1.13.1.0
Target DLL:      Segger\JL2CM3.dll V2.99.13.0
Dialog DLL:      TCM.DLL V1.14.4.0
 
<h2>Project:</h2>
D:\job\Rescue\Rescue_Motor_Control\USER\Template.uvprojx
Project File Date:  07/25/2018

<h2>Output:</h2>
Build target 'Template'
compiling main.c...
compiling tim.c...
..\HARDWARE\TIM\tim.c(53): warning:  #177-D: variable "i" was declared but never referenced
                        static u8 i=0;
..\HARDWARE\TIM\tim.c: 1 warning, 0 errors
linking...
Program Size: Code=15632 RO-data=480 RW-data=88 ZI-data=4264  
FromELF: creating hex file...
"..\OBJ\Template.axf" - 0 Error(s), 1 Warning(s).

<h2>Collection of Component include folders:</h2>
  D:\job\Rescue\Rescue_Motor_Control\USER\RTE
  D:\MDK5\ARM\PACK\Keil\STM32F1xx_DFP\1.0.5\Device\Include

<h2>Collection of Component Files used:</h2>
</pre>
</body>
</html>
